Component: ARM Compiler 5.05 update 1 (build 106) Tool: armlink [4d0efa]

==============================================================================

Section Cross References

    startup_stm32f103xb.o(RESET) refers to startup_stm32f103xb.o(STACK) for __initial_sp
    startup_stm32f103xb.o(RESET) refers to startup_stm32f103xb.o(.text) for Reset_Handler
    startup_stm32f103xb.o(RESET) refers to stm32f1xx_it.o(i.NMI_Handler) for NMI_Handler
    startup_stm32f103xb.o(RESET) refers to stm32f1xx_it.o(i.HardFault_Handler) for HardFault_Handler
    startup_stm32f103xb.o(RESET) refers to stm32f1xx_it.o(i.MemManage_Handler) for MemManage_Handler
    startup_stm32f103xb.o(RESET) refers to stm32f1xx_it.o(i.BusFault_Handler) for BusFault_Handler
    startup_stm32f103xb.o(RESET) refers to stm32f1xx_it.o(i.UsageFault_Handler) for UsageFault_Handler
    startup_stm32f103xb.o(RESET) refers to stm32f1xx_it.o(i.SVC_Handler) for SVC_Handler
    startup_stm32f103xb.o(RESET) refers to stm32f1xx_it.o(i.DebugMon_Handler) for DebugMon_Handler
    startup_stm32f103xb.o(RESET) refers to stm32f1xx_it.o(i.PendSV_Handler) for PendSV_Handler
    startup_stm32f103xb.o(RESET) refers to stm32f1xx_it.o(i.SysTick_Handler) for SysTick_Handler
    startup_stm32f103xb.o(RESET) refers to stm32f1xx_it.o(i.EXTI9_5_IRQHandler) for EXTI9_5_IRQHandler
    startup_stm32f103xb.o(RESET) refers to stm32f1xx_it.o(i.TIM1_UP_IRQHandler) for TIM1_UP_IRQHandler
    startup_stm32f103xb.o(RESET) refers to stm32f1xx_it.o(i.TIM3_IRQHandler) for TIM3_IRQHandler
    startup_stm32f103xb.o(RESET) refers to stm32f1xx_it.o(i.TIM4_IRQHandler) for TIM4_IRQHandler
    startup_stm32f103xb.o(RESET) refers to stm32f1xx_it.o(i.USART2_IRQHandler) for USART2_IRQHandler
    startup_stm32f103xb.o(.text) refers to system_stm32f1xx.o(i.SystemInit) for SystemInit
    startup_stm32f103xb.o(.text) refers to entry.o(.ARM.Collect$$$$00000000) for __main
    main.o(i.HAL_TIM_PeriodElapsedCallback) refers to tim.o(.bss) for htim4
    main.o(i.HAL_TIM_PeriodElapsedCallback) refers to main.o(.data) for .data
    main.o(i.HAL_TIM_PeriodElapsedCallback) refers to motor.o(.bss) for motorA
    main.o(i.HAL_UART_RxCpltCallback) refers to memseta.o(.text) for __aeabi_memclr
    main.o(i.HAL_UART_RxCpltCallback) refers to stm32f1xx_hal_uart.o(i.HAL_UART_Transmit) for HAL_UART_Transmit
    main.o(i.HAL_UART_RxCpltCallback) refers to ddiv.o(.text) for __aeabi_ddiv
    main.o(i.HAL_UART_RxCpltCallback) refers to fdiv.o(.text) for __aeabi_fdiv
    main.o(i.HAL_UART_RxCpltCallback) refers to strcmp.o(.text) for strcmp
    main.o(i.HAL_UART_RxCpltCallback) refers to dfltui.o(.text) for __aeabi_ui2d
    main.o(i.HAL_UART_RxCpltCallback) refers to dmul.o(.text) for __aeabi_dmul
    main.o(i.HAL_UART_RxCpltCallback) refers to dadd.o(.text) for __aeabi_dadd
    main.o(i.HAL_UART_RxCpltCallback) refers to ffltui.o(.text) for __aeabi_ui2f
    main.o(i.HAL_UART_RxCpltCallback) refers to fmul.o(.text) for __aeabi_fmul
    main.o(i.HAL_UART_RxCpltCallback) refers to fadd.o(.text) for __aeabi_fadd
    main.o(i.HAL_UART_RxCpltCallback) refers to stm32f1xx_hal_uart.o(i.HAL_UART_Receive_IT) for HAL_UART_Receive_IT
    main.o(i.HAL_UART_RxCpltCallback) refers to main.o(.data) for .data
    main.o(i.HAL_UART_RxCpltCallback) refers to main.o(.bss) for .bss
    main.o(i.HAL_UART_RxCpltCallback) refers to usart.o(.bss) for huart2
    main.o(i.SystemClock_Config) refers to memseta.o(.text) for __aeabi_memclr4
    main.o(i.SystemClock_Config) refers to stm32f1xx_hal_rcc.o(i.HAL_RCC_OscConfig) for HAL_RCC_OscConfig
    main.o(i.SystemClock_Config) refers to stm32f1xx_hal_rcc.o(i.HAL_RCC_ClockConfig) for HAL_RCC_ClockConfig
    main.o(i.Velocity) refers to fflti.o(.text) for __aeabi_i2f
    main.o(i.Velocity) refers to fmul.o(.text) for __aeabi_fmul
    main.o(i.Velocity) refers to fadd.o(.text) for __aeabi_fadd
    main.o(i.Velocity) refers to ffixi.o(.text) for __aeabi_f2iz
    main.o(i.Velocity) refers to dflti.o(.text) for __aeabi_i2d
    main.o(i.Velocity) refers to dmul.o(.text) for __aeabi_dmul
    main.o(i.Velocity) refers to dadd.o(.text) for __aeabi_dadd
    main.o(i.Velocity) refers to dfixi.o(.text) for __aeabi_d2iz
    main.o(i.Velocity) refers to main.o(.data) for .data
    main.o(i.Vertical) refers to fmul.o(.text) for __aeabi_fmul
    main.o(i.Vertical) refers to fadd.o(.text) for __aeabi_frsub
    main.o(i.Vertical) refers to ffixi.o(.text) for __aeabi_f2iz
    main.o(i.Vertical) refers to main.o(.data) for .data
    main.o(i.main) refers to stm32f1xx_hal.o(i.HAL_Init) for HAL_Init
    main.o(i.main) refers to main.o(i.SystemClock_Config) for SystemClock_Config
    main.o(i.main) refers to gpio.o(i.MX_GPIO_Init) for MX_GPIO_Init
    main.o(i.main) refers to tim.o(i.MX_TIM1_Init) for MX_TIM1_Init
    main.o(i.main) refers to tim.o(i.MX_TIM2_Init) for MX_TIM2_Init
    main.o(i.main) refers to tim.o(i.MX_TIM3_Init) for MX_TIM3_Init
    main.o(i.main) refers to tim.o(i.MX_TIM4_Init) for MX_TIM4_Init
[...]
    i.IIC_Start                              0x080023d0   Section        0  iic.o(i.IIC_Start)
    i.IIC_Stop                               0x08002410   Section        0  iic.o(i.IIC_Stop)
    i.IIC_Wait_Ack                           0x08002440   Section        0  iic.o(i.IIC_Wait_Ack)
    i.MOTOR_ControlA                         0x08002488   Section        0  motor.o(i.MOTOR_ControlA)
    i.MOTOR_ControlB                         0x080024a8   Section        0  motor.o(i.MOTOR_ControlB)
    i.MOTOR_Init                             0x080024c8   Section        0  motor.o(i.MOTOR_Init)
    i.MOTOR_NegA                             0x0800253c   Section        0  motor.o(i.MOTOR_NegA)
    i.MOTOR_NegB                             0x08002560   Section        0  motor.o(i.MOTOR_NegB)
    i.MOTOR_PosA                             0x08002584   Section        0  motor.o(i.MOTOR_PosA)
    i.MOTOR_PosB                             0x080025a4   Section        0  motor.o(i.MOTOR_PosB)
    i.MOTOR_Start                            0x080025c4   Section        0  motor.o(i.MOTOR_Start)
    i.MPU_Get_Accelerometer                  0x08002610   Section        0  mpu6050.o(i.MPU_Get_Accelerometer)
    i.MPU_Get_Gyroscope                      0x08002642   Section        0  mpu6050.o(i.MPU_Get_Gyroscope)
    i.MPU_Init                               0x08002674   Section        0  mpu6050.o(i.MPU_Init)
    i.MPU_Read_Byte                          0x080026ea   Section        0  mpu6050.o(i.MPU_Read_Byte)
    i.MPU_Read_Len                           0x08002724   Section        0  mpu6050.o(i.MPU_Read_Len)
    i.MPU_Set_Accel_Fsr                      0x08002790   Section        0  mpu6050.o(i.MPU_Set_Accel_Fsr)
    i.MPU_Set_Gyro_Fsr                       0x0800279a   Section        0  mpu6050.o(i.MPU_Set_Gyro_Fsr)
    i.MPU_Set_LPF                            0x080027a4   Section        0  mpu6050.o(i.MPU_Set_LPF)
    i.MPU_Set_Rate                           0x080027d4   Section        0  mpu6050.o(i.MPU_Set_Rate)
    i.MPU_Write_Byte                         0x08002802   Section        0  mpu6050.o(i.MPU_Write_Byte)
    i.MPU_Write_Len                          0x0800283e   Section        0  mpu6050.o(i.MPU_Write_Len)
    i.MX_GPIO_Init                           0x08002890   Section        0  gpio.o(i.MX_GPIO_Init)
    i.MX_TIM1_Init                           0x0800299c   Section        0  tim.o(i.MX_TIM1_Init)
    i.MX_TIM2_Init                           0x08002a0c   Section        0  tim.o(i.MX_TIM2_Init)
    i.MX_TIM3_Init                           0x08002a8c   Section        0  tim.o(i.MX_TIM3_Init)
    i.MX_TIM4_Init                           0x08002af8   Section        0  tim.o(i.MX_TIM4_Init)
    i.MX_USART2_UART_Init                    0x08002b60   Section        0  usart.o(i.MX_USART2_UART_Init)
    i.MemManage_Handler                      0x08002b98   Section        0  stm32f1xx_it.o(i.MemManage_Handler)
    i.NMI_Handler                            0x08002b9a   Section        0  stm32f1xx_it.o(i.NMI_Handler)
    i.OLED_Clear                             0x08002b9c   Section        0  oled.o(i.OLED_Clear)
    i.OLED_Init                              0x08002bd8   Section        0  oled.o(i.OLED_Init)
    i.OLED_Set_Pos                           0x08002d80   Section        0  oled.o(i.OLED_Set_Pos)
    i.OLED_ShowChar                          0x08002dac   Section        0  oled.o(i.OLED_ShowChar)
    i.OLED_ShowSighedNum                     0x08002e10   Section        0  oled.o(i.OLED_ShowSighedNum)
    i.OLED_WR_Byte                           0x08002e8c   Section        0  oled.o(i.OLED_WR_Byte)
    i.PendSV_Handler                         0x08002ef8   Section        0  stm32f1xx_it.o(i.PendSV_Handler)
    i.SVC_Handler                            0x08002efa   Section        0  stm32f1xx_it.o(i.SVC_Handler)
    i.SysTick_Handler                        0x08002efc   Section        0  stm32f1xx_it.o(i.SysTick_Handler)
    i.SystemClock_Config                     0x08002f00   Section        0  main.o(i.SystemClock_Config)
    i.SystemInit                             0x08002f5e   Section        0  system_stm32f1xx.o(i.SystemInit)
    i.TIM1_UP_IRQHandler                     0x08002f60   Section        0  stm32f1xx_it.o(i.TIM1_UP_IRQHandler)
    i.TIM3_IRQHandler                        0x08002f6c   Section        0  stm32f1xx_it.o(i.TIM3_IRQHandler)
    i.TIM4_IRQHandler                        0x08002f78   Section        0  stm32f1xx_it.o(i.TIM4_IRQHandler)
    i.TIM_Base_SetConfig                     0x08002f84   Section        0  stm32f1xx_hal_tim.o(i.TIM_Base_SetConfig)
    i.TIM_CCxChannelCmd                      0x08002ff0   Section        0  stm32f1xx_hal_tim.o(i.TIM_CCxChannelCmd)
    i.TIM_ETR_SetConfig                      0x0800300a   Section        0  stm32f1xx_hal_tim.o(i.TIM_ETR_SetConfig)
    i.TIM_ITRx_SetConfig                     0x0800301e   Section        0  stm32f1xx_hal_tim.o(i.TIM_ITRx_SetConfig)
    TIM_ITRx_SetConfig                       0x0800301f   Thumb Code    16  stm32f1xx_hal_tim.o(i.TIM_ITRx_SetConfig)
    i.TIM_OC1_SetConfig                      0x08003030   Section        0  stm32f1xx_hal_tim.o(i.TIM_OC1_SetConfig)
    TIM_OC1_SetConfig                        0x08003031   Thumb Code    74  stm32f1xx_hal_tim.o(i.TIM_OC1_SetConfig)
    i.TIM_OC2_SetConfig                      0x08003080   Section        0  stm32f1xx_hal_tim.o(i.TIM_OC2_SetConfig)
    i.TIM_OC3_SetConfig                      0x080030d8   Section        0  stm32f1xx_hal_tim.o(i.TIM_OC3_SetConfig)
    TIM_OC3_SetConfig                        0x080030d9   Thumb Code    82  stm32f1xx_hal_tim.o(i.TIM_OC3_SetConfig)
    i.TIM_OC4_SetConfig                      0x08003130   Section        0  stm32f1xx_hal_tim.o(i.TIM_OC4_SetConfig)
    TIM_OC4_SetConfig                        0x08003131   Thumb Code    64  stm32f1xx_hal_tim.o(i.TIM_OC4_SetConfig)
    i.TIM_TI1_ConfigInputStage               0x08003174   Section        0  stm32f1xx_hal_tim.o(i.TIM_TI1_ConfigInputStage)
    TIM_TI1_ConfigInputStage                 0x08003175   Thumb Code    34  stm32f1xx_hal_tim.o(i.TIM_TI1_ConfigInputStage)
    i.TIM_TI2_ConfigInputStage               0x08003196   Section        0  stm32f1xx_hal_tim.o(i.TIM_TI2_ConfigInputStage)
    TIM_TI2_ConfigInputStage                 0x08003197   Thumb Code    36  stm32f1xx_hal_tim.o(i.TIM_TI2_ConfigInputStage)
    i.UART_DMAAbortOnError                   0x080031ba   Section        0  stm32f1xx_hal_uart.o(i.UART_DMAAbortOnError)
    UART_DMAAbortOnError                     0x080031bb   Thumb Code    16  stm32f1xx_hal_uart.o(i.UART_DMAAbortOnError)
    i.UART_EndRxTransfer                     0x080031ca   Section        0  stm32f1xx_hal_uart.o(i.UART_EndRxTransfer)
    UART_EndRxTransfer                       0x080031cb   Thumb Code    78  stm32f1xx_hal_uart.o(i.UART_EndRxTransfer)
    i.UART_Receive_IT                        0x08003218   Section        0  stm32f1xx_hal_uart.o(i.UART_Receive_IT)
    UART_Receive_IT                          0x08003219   Thumb Code   194  stm32f1xx_hal_uart.o(i.UART_Receive_IT)
    i.UART_SetConfig                         0x080032dc   Section        0  stm32f1xx_hal_uart.o(i.UART_SetConfig)
    UART_SetConfig                           0x080032dd   Thumb Code   178  stm32f1xx_hal_uart.o(i.UART_SetConfig)
    i.UART_Start_Receive_IT                  0x08003394   Section        0  stm32f1xx_hal_uart.o(i.UART_Start_Receive_IT)
    i.UART_WaitOnFlagUntilTimeout            0x080033ca   Section        0  stm32f1xx_hal_uart.o(i.UART_WaitOnFlagUntilTimeout)
    UART_WaitOnFlagUntilTimeout              0x080033cb   Thumb Code   120  stm32f1xx_hal_uart.o(i.UART_WaitOnFlagUntilTimeout)
    i.USART2_IRQHandler                      0x08003444   Section        0  stm32f1xx_it.o(i.USART2_IRQHandler)
    i.UsageFault_Handler                     0x08003450   Section        0  stm32f1xx_it.o(i.UsageFault_Handler)
    i.Velocity                               0x08003454   Section        0  main.o(i.Velocity)
    i.Vertical                               0x080034e0   Section        0  main.o(i.Vertical)
    i.__0printf$8                            0x08003514   Section        0  printf8.o(i.__0printf$8)
    i.__ARM_fpclassify                       0x08003534   Section        0  fpclassify.o(i.__ARM_fpclassify)
    i.__NVIC_SetPriority                     0x0800355c   Section        0  stm32f1xx_hal_cortex.o(i.__NVIC_SetPriority)
    __NVIC_SetPriority                       0x0800355d   Thumb Code    32  stm32f1xx_hal_cortex.o(i.__NVIC_SetPriority)
    i.__kernel_poly                          0x0800357c   Section        0  poly.o(i.__kernel_poly)
    i.__mathlib_dbl_infnan                   0x08003626   Section        0  dunder.o(i.__mathlib_dbl_infnan)
    i.__mathlib_dbl_infnan2                  0x0800362c   Section        0  dunder.o(i.__mathlib_dbl_infnan2)
    i.__mathlib_dbl_invalid                  0x08003630   Section        0  dunder.o(i.__mathlib_dbl_invalid)
    i.__mathlib_dbl_underflow                0x0800363c   Section        0  dunder.o(i.__mathlib_dbl_underflow)
    i.__scatterload_copy                     0x0800364c   Section       14  handlers.o(i.__scatterload_copy)
    i.__scatterload_null                     0x0800365a   Section        2  handlers.o(i.__scatterload_null)
    i.__scatterload_zeroinit                 0x0800365c   Section       14  handlers.o(i.__scatterload_zeroinit)
    i.__set_errno                            0x0800366c   Section        0  errno.o(i.__set_errno)
    i._printf_core                           0x08003678   Section        0  printf8.o(i._printf_core)
    _printf_core                             0x08003679   Thumb Code   996  printf8.o(i._printf_core)
    i._printf_post_padding                   0x08003a88   Section        0  printf8.o(i._printf_post_padding)
    _printf_post_padding                     0x08003a89   Thumb Code    36  printf8.o(i._printf_post_padding)
    i._printf_pre_padding                    0x08003aac   Section        0  printf8.o(i._printf_pre_padding)
    _printf_pre_padding                      0x08003aad   Thumb Code    46  printf8.o(i._printf_pre_padding)
    i.accel_self_test                        0x08003adc   Section        0  inv_mpu.o(i.accel_self_test)
    accel_self_test                          0x08003add   Thumb Code   114  inv_mpu.o(i.accel_self_test)
    i.asin                                   0x08003b5c   Section        0  asin.o(i.asin)
    i.atan                                   0x08003dcc   Section        0  atan.o(i.atan)
    i.atan2                                  0x08003fec   Section        0  atan2.o(i.atan2)
    i.dmp_enable_6x_lp_quat                  0x0800416c   Section        0  inv_mpu_dmp_motion_driver.o(i.dmp_enable_6x_lp_quat)
    i.dmp_enable_feature                     0x080041a8   Section        0  inv_mpu_dmp_motion_driver.o(i.dmp_enable_feature)
    i.dmp_enable_gyro_cal                    0x08004380   Section        0  inv_mpu_dmp_motion_driver.o(i.dmp_enable_gyro_cal)
    i.dmp_enable_lp_quat                     0x080043bc   Section        0  inv_mpu_dmp_motion_driver.o(i.dmp_enable_lp_quat)
    i.dmp_load_motion_driver_firmware        0x080043f8   Section        0  inv_mpu_dmp_motion_driver.o(i.dmp_load_motion_driver_firmware)
    i.dmp_read_fifo                          0x0800440c   Section        0  inv_mpu_dmp_motion_driver.o(i.dmp_read_fifo)
    i.dmp_set_accel_bias                     0x08004550   Section        0  inv_mpu_dmp_motion_driver.o(i.dmp_set_accel_bias)
    i.dmp_set_fifo_rate                      0x08004628   Section        0  inv_mpu_dmp_motion_driver.o(i.dmp_set_fifo_rate)
    i.dmp_set_gyro_bias                      0x0800468c   Section        0  inv_mpu_dmp_motion_driver.o(i.dmp_set_gyro_bias)
    i.dmp_set_orientation                    0x08004758   Section        0  inv_mpu_dmp_motion_driver.o(i.dmp_set_orientation)
    i.dmp_set_shake_reject_thresh            0x08004864   Section        0  inv_mpu_dmp_motion_driver.o(i.dmp_set_shake_reject_thresh)
    i.dmp_set_shake_reject_time              0x08004894   Section        0  inv_mpu_dmp_motion_driver.o(i.dmp_set_shake_reject_time)
    i.dmp_set_shake_reject_timeout           0x080048b4   Section        0  inv_mpu_dmp_motion_driver.o(i.dmp_set_shake_reject_timeout)
    i.dmp_set_tap_axes                       0x080048d4   Section        0  inv_mpu_dmp_motion_driver.o(i.dmp_set_tap_axes)
    i.dmp_set_tap_count                      0x08004914   Section        0  inv_mpu_dmp_motion_driver.o(i.dmp_set_tap_count)
    i.dmp_set_tap_thresh                     0x08004938   Section        0  inv_mpu_dmp_motion_driver.o(i.dmp_set_tap_thresh)
    i.dmp_set_tap_time                       0x08004a60   Section        0  inv_mpu_dmp_motion_driver.o(i.dmp_set_tap_time)
    i.dmp_set_tap_time_multi                 0x08004a80   Section        0  inv_mpu_dmp_motion_driver.o(i.dmp_set_tap_time_multi)
    i.fputc                                  0x08004aa0   Section        0  usart.o(i.fputc)
    i.get_accel_prod_shift                   0x08004ab8   Section        0  inv_mpu.o(i.get_accel_prod_shift)
    get_accel_prod_shift                     0x08004ab9   Thumb Code   158  inv_mpu.o(i.get_accel_prod_shift)
    i.get_st_biases                          0x08004b64   Section        0  inv_mpu.o(i.get_st_biases)
    get_st_biases                            0x08004b65   Thumb Code   784  inv_mpu.o(i.get_st_biases)
    i.gyro_self_test                         0x08004e78   Section        0  inv_mpu.o(i.gyro_self_test)
    gyro_self_test                           0x08004e79   Thumb Code   190  inv_mpu.o(i.gyro_self_test)
    i.inv_orientation_matrix_to_scalar       0x08004f4c   Section        0  inv_mpu.o(i.inv_orientation_matrix_to_scalar)
    i.inv_row_2_scale                        0x08004f6e   Section        0  inv_mpu.o(i.inv_row_2_scale)
    i.main                                   0x08004fb8   Section        0  main.o(i.main)
    i.mget_ms                                0x080051c0   Section        0  inv_mpu.o(i.mget_ms)
    i.mpu_configure_fifo                     0x080051c4   Section        0  inv_mpu.o(i.mpu_configure_fifo)
    i.mpu_dmp_get_data                       0x08005218   Section        0  inv_mpu.o(i.mpu_dmp_get_data)
    i.mpu_dmp_init                           0x080053b4   Section        0  inv_mpu.o(i.mpu_dmp_init)
    i.mpu_get_accel_fsr                      0x08005458   Section        0  inv_mpu.o(i.mpu_get_accel_fsr)
    i.mpu_get_accel_sens                     0x08005494   Section        0  inv_mpu.o(i.mpu_get_accel_sens)
    i.mpu_get_gyro_fsr                       0x080054d8   Section        0  inv_mpu.o(i.mpu_get_gyro_fsr)
    i.mpu_get_gyro_sens                      0x0800550c   Section        0  inv_mpu.o(i.mpu_get_gyro_sens)
    i.mpu_get_lpf                            0x0800554c   Section        0  inv_mpu.o(i.mpu_get_lpf)
    i.mpu_get_sample_rate                    0x08005584   Section        0  inv_mpu.o(i.mpu_get_sample_rate)
    i.mpu_init                               0x080055a0   Section        0  inv_mpu.o(i.mpu_init)
    i.mpu_load_firmware                      0x08005728   Section        0  inv_mpu.o(i.mpu_load_firmware)
    i.mpu_lp_accel_mode                      0x080057c8   Section        0  inv_mpu.o(i.mpu_lp_accel_mode)
    i.mpu_read_fifo_stream                   0x08005880   Section        0  inv_mpu.o(i.mpu_read_fifo_stream)
    i.mpu_read_mem                           0x08005910   Section        0  inv_mpu.o(i.mpu_read_mem)
    i.mpu_reset_fifo                         0x08005964   Section        0  inv_mpu.o(i.mpu_reset_fifo)
    i.mpu_run_self_test                      0x08005ac4   Section        0  inv_mpu.o(i.mpu_run_self_test)
    i.mpu_set_accel_fsr                      0x08005bb4   Section        0  inv_mpu.o(i.mpu_set_accel_fsr)
    i.mpu_set_bypass                         0x08005c1c   Section        0  inv_mpu.o(i.mpu_set_bypass)
    i.mpu_set_dmp_state                      0x08005cf8   Section        0  inv_mpu.o(i.mpu_set_dmp_state)
    i.mpu_set_gyro_fsr                       0x08005d70   Section        0  inv_mpu.o(i.mpu_set_gyro_fsr)
    i.mpu_set_int_latched                    0x08005ddc   Section        0  inv_mpu.o(i.mpu_set_int_latched)
    i.mpu_set_lpf                            0x08005e40   Section        0  inv_mpu.o(i.mpu_set_lpf)
    i.mpu_set_sample_rate                    0x08005eac   Section        0  inv_mpu.o(i.mpu_set_sample_rate)
    i.mpu_set_sensors                        0x08005f2c   Section        0  inv_mpu.o(i.mpu_set_sensors)
    i.mpu_write_mem                          0x08005fe4   Section        0  inv_mpu.o(i.mpu_write_mem)
    i.oled_pow                               0x08006038   Section        0  oled.o(i.oled_pow)
    i.run_self_test                          0x08006048   Section        0  inv_mpu.o(i.run_self_test)
    i.set_int_enable                         0x080060c8   Section        0  inv_mpu.o(i.set_int_enable)
    set_int_enable                           0x080060c9   Thumb Code    84  inv_mpu.o(i.set_int_enable)
    i.sqrt                                   0x08006120   Section        0  sqrt.o(i.sqrt)
    .constdata                               0x0800616c   Section       18  stm32f1xx_hal_rcc.o(.constdata)
    aPredivFactorTable                       0x0800616c   Data           2  stm32f1xx_hal_rcc.o(.constdata)
    aPLLMULFactorTable                       0x0800616e   Data          16  stm32f1xx_hal_rcc.o(.constdata)
    .constdata                               0x0800617e   Section       16  system_stm32f1xx.o(.constdata)
    .constdata                               0x0800618e   Section        8  system_stm32f1xx.o(.constdata)
    .constdata                               0x08006196   Section     2096  oled.o(.constdata)
    .constdata                               0x080069c6   Section       27  inv_mpu.o(.constdata)
    .constdata                               0x080069e2   Section       12  inv_mpu.o(.constdata)
    .constdata                               0x080069f0   Section       40  inv_mpu.o(.constdata)
    .constdata                               0x08006a18   Section     3062  inv_mpu_dmp_motion_driver.o(.constdata)
    dmp_memory                               0x08006a18   Data        3062  inv_mpu_dmp_motion_driver.o(.constdata)
    .constdata                               0x08007610   Section       80  asin.o(.constdata)
    pS                                       0x08007610   Data          48  asin.o(.constdata)
    qS                                       0x08007640   Data          32  asin.o(.constdata)
    .constdata                               0x08007660   Section      152  atan.o(.constdata)
    atanhi                                   0x08007660   Data          32  atan.o(.constdata)
    atanlo                                   0x08007680   Data          32  atan.o(.constdata)
    aTodd                                    0x080076a0   Data          40  atan.o(.constdata)
    aTeven                                   0x080076c8   Data          48  atan.o(.constdata)
    .constdata                               0x080076f8   Section        8  qnan.o(.constdata)
    .conststring                             0x08007700   Section       77  inv_mpu.o(.conststring)
    .data                                    0x20000000   Section       88  main.o(.data)
    Encoder_S                                0x2000001c   Data           4  main.o(.data)
    EnC_Err_Lowout_last                      0x20000020   Data           4  main.o(.data)
    PWM_out                                  0x20000024   Data           4  main.o(.data)
    Encoder_Err                              0x20000028   Data           4  main.o(.data)
    EnC_Err_Lowout                           0x2000002c   Data           4  main.o(.data)
    .data                                    0x20000058   Section       12  stm32f1xx_hal.o(.data)
    .data                                    0x20000064   Section        4  system_stm32f1xx.o(.data)
    .data                                    0x20000068   Section       53  inv_mpu.o(.data)
    st                                       0x20000068   Data          44  inv_mpu.o(.data)
    gyro_orientation                         0x20000094   Data           9  inv_mpu.o(.data)
    .data                                    0x200000a0   Section        4  stdout.o(.data)
    .data                                    0x200000a4   Section        4  errno.o(.data)
    _errno                                   0x200000a4   Data           4  errno.o(.data)
    .bss                                     0x200000a8   Section      256  main.o(.bss)
    .bss                                     0x200001a8   Section      288  tim.o(.bss)
    .bss                                     0x200002c8   Section       72  usart.o(.bss)
    .bss                                     0x20000310   Section       16  inv_mpu_dmp_motion_driver.o(.bss)
    dmp                                      0x20000310   Data          16  inv_mpu_dmp_motion_driver.o(.bss)
    .bss                                     0x20000320   Section       32  motor.o(.bss)
    STACK                                    0x20000340   Section     1024  startup_stm32f103xb.o(STACK)

    Global Symbols

    Symbol Name                              Value     Ov Type        Size  Object(Section)

    BuildAttributes$$THM_ISAv4$P$D$K$B$S$PE$A:L22UL41UL21$X:L11$S22US41US21$IEEE1$IW$USESV6$~STKCKD$USESV7$~SHL$OTIME$ROPI$IEEEX$EBA8$MICROLIB$REQ8$PRES8$EABIv2 0x00000000   Number         0  anon$$obj.o ABSOLUTE
    __ARM_use_no_argv                        0x00000000   Number         0  main.o ABSOLUTE
    _printf_a                                0x00000000   Number         0  stubs.o ABSOLUTE
    _printf_c                                0x00000000   Number         0  stubs.o ABSOLUTE
    _printf_charcount                        0x00000000   Number         0  stubs.o ABSOLUTE
    _printf_d                                0x00000000   Number         0  stubs.o ABSOLUTE
    _printf_e                                0x00000000   Number         0  stubs.o ABSOLUTE
    _printf_f                                0x00000000   Number         0  stubs.o ABSOLUTE
    _printf_flags                            0x00000000   Number         0  stubs.o ABSOLUTE
    _printf_fp_dec                           0x00000000   Number         0  stubs.o ABSOLUTE
    _printf_fp_hex                           0x00000000   Number         0  stubs.o ABSOLUTE
    _printf_g                                0x00000000   Number         0  stubs.o ABSOLUTE
    _printf_i                                0x00000000   Number         0  stubs.o ABSOLUTE
    _printf_int_dec                          0x00000000   Number         0  stubs.o ABSOLUTE
    _printf_l                                0x00000000   Number         0  stubs.o ABSOLUTE
    _printf_lc                               0x00000000   Number         0  stubs.o ABSOLUTE
    _printf_ll                               0x00000000   Number         0  stubs.o ABSOLUTE
    _printf_lld                              0x00000000   Number         0  stubs.o ABSOLUTE
    _printf_lli                              0x00000000   Number         0  stubs.o ABSOLUTE
    _printf_llo                              0x00000000   Number         0  stubs.o ABSOLUTE
    _printf_llu                              0x00000000   Number         0  stubs.o ABSOLUTE
    _printf_llx                              0x00000000   Number         0  stubs.o ABSOLUTE
    _printf_longlong_dec                     0x00000000   Number         0  stubs.o ABSOLUTE
    _printf_longlong_hex                     0x00000000   Number         0  stubs.o ABSOLUTE
    _printf_longlong_oct                     0x00000000   Number         0  stubs.o ABSOLUTE
    _printf_ls                               0x00000000   Number         0  stubs.o ABSOLUTE
    _printf_mbtowc                           0x00000000   Number         0  stubs.o ABSOLUTE
    _printf_n                                0x00000000   Number         0  stubs.o ABSOLUTE
    _printf_o                                0x00000000   Number         0  stubs.o ABSOLUTE
    _printf_p                                0x00000000   Number         0  stubs.o ABSOLUTE
    _printf_percent                          0x00000000   Number         0  stubs.o ABSOLUTE
    _printf_pre_padding                      0x00000000   Number         0  stubs.o ABSOLUTE
    _printf_return_value                     0x00000000   Number         0  stubs.o ABSOLUTE
    _printf_s                                0x00000000   Number         0  stubs.o ABSOLUTE
    _printf_sizespec                         0x00000000   Number         0  stubs.o ABSOLUTE
    _printf_str                              0x00000000   Number         0  stubs.o ABSOLUTE
    _printf_truncate_signed                  0x00000000   Number         0  stubs.o ABSOLUTE
    _printf_truncate_unsigned                0x00000000   Number         0  stubs.o ABSOLUTE
    _printf_u                                0x00000000   Number         0  stubs.o ABSOLUTE
    _printf_wc                               0x00000000   Number         0  stubs.o ABSOLUTE
    _printf_wctomb                           0x00000000   Number         0  stubs.o ABSOLUTE
    _printf_widthprec                        0x00000000   Number         0  stubs.o ABSOLUTE
    _printf_x                                0x00000000   Number         0  stubs.o ABSOLUTE
    __cpp_initialize__aeabi_                  - Undefined Weak Reference
    __cxa_finalize                            - Undefined Weak Reference
    __decompress                              - Undefined Weak Reference
    _clock_init                               - Undefined Weak Reference
    _microlib_exit                            - Undefined Weak Reference
    __Vectors_Size                           0x000000ec   Number         0  startup_stm32f103xb.o ABSOLUTE
    __Vectors                                0x08000000   Data           4  startup_stm32f103xb.o(RESET)
    __Vectors_End                            0x080000ec   Data           0  startup_stm32f103xb.o(RESET)
    __main                                   0x080000ed   Thumb Code     0  entry.o(.ARM.Collect$$$$00000000)
    _main_stk                                0x080000ed   Thumb Code     0  entry2.o(.ARM.Collect$$$$00000001)
    _main_scatterload                        0x080000f1   Thumb Code     0  entry5.o(.ARM.Collect$$$$00000004)
    __main_after_scatterload                 0x080000f5   Thumb Code     0  entry5.o(.ARM.Collect$$$$00000004)
    _main_clock                              0x080000f5   Thumb Code     0  entry7b.o(.ARM.Collect$$$$00000008)
    _main_cpp_init                           0x080000f5   Thumb Code     0  entry8b.o(.ARM.Collect$$$$0000000A)
    _main_init                               0x080000f5   Thumb Code     0  entry9a.o(.ARM.Collect$$$$0000000B)
    __rt_final_cpp                           0x080000fd   Thumb Code     0  entry10a.o(.ARM.Collect$$$$0000000D)
    __rt_final_exit                          0x080000fd   Thumb Code     0  entry11a.o(.ARM.Collect$$$$0000000F)
    Reset_Handler                            0x08000101   Thumb Code     8  startup_stm32f103xb.o(.text)
    ADC1_2_IRQHandler                        0x0800011b   Thumb Code     0  startup_stm32f103xb.o(.text)
    CAN1_RX1_IRQHandler                      0x0800011b   Thumb Code     0  startup_stm32f103xb.o(.text)
    CAN1_SCE_IRQHandler                      0x0800011b   Thumb Code     0  startup_stm32f103xb.o(.text)
    DMA1_Channel1_IRQHandler                 0x0800011b   Thumb Code     0  startup_stm32f103xb.o(.text)
    DMA1_Channel2_IRQHandler                 0x0800011b   Thumb Code     0  startup_stm32f103xb.o(.text)
    DMA1_Channel3_IRQHandler                 0x0800011b   Thumb Code     0  startup_stm32f103xb.o(.text)
    DMA1_Channel4_IRQHandler                 0x0800011b   Thumb Code     0  startup_stm32f103xb.o(.text)
    DMA1_Channel5_IRQHandler                 0x0800011b   Thumb Code     0  startup_stm32f103xb.o(.text)
    DMA1_Channel6_IRQHandler                 0x0800011b   Thumb Code     0  startup_stm32f103xb.o(.text)
    DMA1_Channel7_IRQHandler                 0x0800011b   Thumb Code     0  startup_stm32f103xb.o(.text)
    EXTI0_IRQHandler                         0x0800011b   Thumb Code     0  startup_stm32f103xb.o(.text)
    EXTI15_10_IRQHandler                     0x0800011b   Thumb Code     0  startup_stm32f103xb.o(.text)
    EXTI1_IRQHandler                         0x0800011b   Thumb Code     0  startup_stm32f103xb.o(.text)
    EXTI2_IRQHandler                         0x0800011b   Thumb Code     0  startup_stm32f103xb.o(.text)
    EXTI3_IRQHandler                         0x0800011b   Thumb Code     0  startup_stm32f103xb.o(.text)
    EXTI4_IRQHandler                         0x0800011b   Thumb Code     0  startup_stm32f103xb.o(.text)
    FLASH_IRQHandler                         0x0800011b   Thumb Code     0  startup_stm32f103xb.o(.text)
    I2C1_ER_IRQHandler                       0x0800011b   Thumb Code     0  startup_stm32f103xb.o(.text)
    I2C1_EV_IRQHandler                       0x0800011b   Thumb Code     0  startup_stm32f103xb.o(.text)
    I2C2_ER_IRQHandler                       0x0800011b   Thumb Code     0  startup_stm32f103xb.o(.text)
    I2C2_EV_IRQHandler                       0x0800011b   Thumb Code     0  startup_stm32f103xb.o(.text)
    PVD_IRQHandler                           0x0800011b   Thumb Code     0  startup_stm32f103xb.o(.text)
    RCC_IRQHandler                           0x0800011b   Thumb Code     0  startup_stm32f103xb.o(.text)
    RTC_Alarm_IRQHandler                     0x0800011b   Thumb Code     0  startup_stm32f103xb.o(.text)
    RTC_IRQHandler                           0x0800011b   Thumb Code     0  startup_stm32f103xb.o(.text)
    SPI1_IRQHandler                          0x0800011b   Thumb Code     0  startup_stm32f103xb.o(.text)
    SPI2_IRQHandler                          0x0800011b   Thumb Code     0  startup_stm32f103xb.o(.text)
    TAMPER_IRQHandler                        0x0800011b   Thumb Code     0  startup_stm32f103xb.o(.text)
    TIM1_BRK_IRQHandler                      0x0800011b   Thumb Code     0  startup_stm32f103xb.o(.text)
    TIM1_CC_IRQHandler                       0x0800011b   Thumb Code     0  startup_stm32f103xb.o(.text)
    TIM1_TRG_COM_IRQHandler                  0x0800011b   Thumb Code     0  startup_stm32f103xb.o(.text)
    TIM2_IRQHandler                          0x0800011b   Thumb Code     0  startup_stm32f103xb.o(.text)
    USART1_IRQHandler                        0x0800011b   Thumb Code     0  startup_stm32f103xb.o(.text)
    USART3_IRQHandler                        0x0800011b   Thumb Code     0  startup_stm32f103xb.o(.text)
    USBWakeUp_IRQHandler                     0x0800011b   Thumb Code     0  startup_stm32f103xb.o(.text)
    USB_HP_CAN1_TX_IRQHandler                0x0800011b   Thumb Code     0  startup_stm32f103xb.o(.text)
    USB_LP_CAN1_RX0_IRQHandler               0x0800011b   Thumb Code     0  startup_stm32f103xb.o(.text)
    WWDG_IRQHandler                          0x0800011b   Thumb Code     0  startup_stm32f103xb.o(.text)
    __aeabi_ldivmod                          0x08000125   Thumb Code    98  ldiv.o(.text)
    __aeabi_llsr                             0x08000187   Thumb Code    32  llushr.o(.text)
    _ll_ushift_r                             0x08000187   Thumb Code     0  llushr.o(.text)
    __aeabi_memset                           0x080001a7   Thumb Code    14  memseta.o(.text)
    __aeabi_memset4                          0x080001a7   Thumb Code     0  memseta.o(.text)
    __aeabi_memset8                          0x080001a7   Thumb Code     0  memseta.o(.text)
    __aeabi_memclr                           0x080001b5   Thumb Code     4  memseta.o(.text)
    __aeabi_memclr4                          0x080001b5   Thumb Code     0  memseta.o(.text)
    __aeabi_memclr8                          0x080001b5   Thumb Code     0  memseta.o(.text)
    _memset$wrapper                          0x080001b9   Thumb Code    18  memseta.o(.text)
    strcmp                                   0x080001cb   Thumb Code    28  strcmp.o(.text)
    memcmp                                   0x080001e7   Thumb Code    26  memcmp.o(.text)
    __aeabi_fadd                             0x08000201   Thumb Code   164  fadd.o(.text)
    __aeabi_fsub                             0x080002a5   Thumb Code     6  fadd.o(.text)
    __aeabi_frsub                            0x080002ab   Thumb Code     6  fadd.o(.text)
    __aeabi_fmul                             0x080002b1   Thumb Code   100  fmul.o(.text)
    __aeabi_fdiv                             0x08000315   Thumb Code   124  fdiv.o(.text)
    __ARM_scalbnf                            0x08000391   Thumb Code    24  fscalb.o(.text)
    scalbnf                                  0x08000391   Thumb Code     0  fscalb.o(.text)
    __aeabi_dadd                             0x080003a9   Thumb Code   322  dadd.o(.text)
    __aeabi_dsub                             0x080004eb   Thumb Code     6  dadd.o(.text)
    __aeabi_drsub                            0x080004f1   Thumb Code     6  dadd.o(.text)
    __aeabi_dmul                             0x080004f7   Thumb Code   228  dmul.o(.text)
    __aeabi_ddiv                             0x080005db   Thumb Code   222  ddiv.o(.text)
    __aeabi_i2f                              0x080006b9   Thumb Code    18  fflti.o(.text)
    __aeabi_ui2f                             0x080006cb   Thumb Code    10  ffltui.o(.text)
    __aeabi_i2d                              0x080006d5   Thumb Code    34  dflti.o(.text)
    __aeabi_ui2d                             0x080006f7   Thumb Code    26  dfltui.o(.text)
    __aeabi_f2iz                             0x08000711   Thumb Code    50  ffixi.o(.text)
    __aeabi_f2uiz                            0x08000743   Thumb Code    40  ffixui.o(.text)
    __aeabi_d2iz                             0x0800076b   Thumb Code    62  dfixi.o(.text)
    __aeabi_d2uiz                            0x080007a9   Thumb Code    50  dfixui.o(.text)
    __aeabi_f2d                              0x080007db   Thumb Code    38  f2d.o(.text)
    __aeabi_cdrcmple                         0x08000801   Thumb Code    48  cdrcmple.o(.text)
    __aeabi_d2f                              0x08000831   Thumb Code    56  d2f.o(.text)
    __aeabi_uldivmod                         0x08000869   Thumb Code    98  uldiv.o(.text)
    __aeabi_llsl                             0x080008cb   Thumb Code    30  llshl.o(.text)
    _ll_shift_l                              0x080008cb   Thumb Code     0  llshl.o(.text)
    __aeabi_lasr                             0x080008e9   Thumb Code    36  llsshr.o(.text)
    _ll_sshift_r                             0x080008e9   Thumb Code     0  llsshr.o(.text)
    __I$use$fp                               0x0800090d   Thumb Code     0  iusefp.o(.text)
    _float_round                             0x0800090d   Thumb Code    18  fepilogue.o(.text)
    _float_epilogue                          0x0800091f   Thumb Code    92  fepilogue.o(.text)
    _double_round                            0x0800097b   Thumb Code    30  depilogue.o(.text)
    _double_epilogue                         0x08000999   Thumb Code   156  depilogue.o(.text)
    __ARM_scalbn                             0x08000a35   Thumb Code    46  dscalb.o(.text)
    scalbn                                   0x08000a35   Thumb Code     0  dscalb.o(.text)
    __scatterload                            0x08000a65   Thumb Code    28  init.o(.text)
    __scatterload_rt2                        0x08000a65   Thumb Code     0  init.o(.text)
    _dsqrt                                   0x08000a89   Thumb Code   162  dsqrt.o(.text)
    BusFault_Handler                         0x08000b2b   Thumb Code     2  stm32f1xx_it.o(i.BusFault_Handler)
    DebugMon_Handler                         0x08000b2d   Thumb Code     2  stm32f1xx_it.o(i.DebugMon_Handler)
    EXTI9_5_IRQHandler                       0x08000b2f   Thumb Code     8  stm32f1xx_it.o(i.EXTI9_5_IRQHandler)
    Error_Handler                            0x08000b37   Thumb Code     4  main.o(i.Error_Handler)
    HAL_DMA_Abort                            0x08000b3b   Thumb Code    70  stm32f1xx_hal_dma.o(i.HAL_DMA_Abort)
    HAL_DMA_Abort_IT                         0x08000b81   Thumb Code   148  stm32f1xx_hal_dma.o(i.HAL_DMA_Abort_IT)
    HAL_Delay                                0x08000c19   Thumb Code    32  stm32f1xx_hal.o(i.HAL_Delay)
    HAL_GPIO_EXTI_Callback                   0x08000c3d   Thumb Code     2  main.o(i.HAL_GPIO_EXTI_Callback)
    HAL_GPIO_EXTI_IRQHandler                 0x08000c41   Thumb Code    18  stm32f1xx_hal_gpio.o(i.HAL_GPIO_EXTI_IRQHandler)
    HAL_GPIO_Init                            0x08000c59   Thumb Code   446  stm32f1xx_hal_gpio.o(i.HAL_GPIO_Init)
    HAL_GPIO_ReadPin                         0x08000e39   Thumb Code    10  stm32f1xx_hal_gpio.o(i.HAL_GPIO_ReadPin)
    HAL_GPIO_WritePin                        0x08000e43   Thumb Code    10  stm32f1xx_hal_gpio.o(i.HAL_GPIO_WritePin)
    HAL_GetTick                              0x08000e4d   Thumb Code     6  stm32f1xx_hal.o(i.HAL_GetTick)
    HAL_IncTick                              0x08000e59   Thumb Code    12  stm32f1xx_hal.o(i.HAL_IncTick)
    HAL_Init                                 0x08000e69   Thumb Code    32  stm32f1xx_hal.o(i.HAL_Init)
    HAL_InitTick                             0x08000e8d   Thumb Code    54  stm32f1xx_hal.o(i.HAL_InitTick)
    HAL_MspInit                              0x08000ecd   Thumb Code    52  stm32f1xx_hal_msp.o(i.HAL_MspInit)
    HAL_NVIC_EnableIRQ                       0x08000f09   Thumb Code    26  stm32f1xx_hal_cortex.o(i.HAL_NVIC_EnableIRQ)
    HAL_NVIC_SetPriority                     0x08000f25   Thumb Code    60  stm32f1xx_hal_cortex.o(i.HAL_NVIC_SetPriority)
    HAL_NVIC_SetPriorityGrouping             0x08000f65   Thumb Code    26  stm32f1xx_hal_cortex.o(i.HAL_NVIC_SetPriorityGrouping)
    HAL_RCC_ClockConfig                      0x08000f89   Thumb Code   280  stm32f1xx_hal_rcc.o(i.HAL_RCC_ClockConfig)
    HAL_RCC_GetPCLK1Freq                     0x080010b5   Thumb Code    20  stm32f1xx_hal_rcc.o(i.HAL_RCC_GetPCLK1Freq)
    HAL_RCC_GetPCLK2Freq                     0x080010d5   Thumb Code    20  stm32f1xx_hal_rcc.o(i.HAL_RCC_GetPCLK2Freq)
    HAL_RCC_GetSysClockFreq                  0x080010f5   Thumb Code    58  stm32f1xx_hal_rcc.o(i.HAL_RCC_GetSysClockFreq)
    HAL_RCC_OscConfig                        0x08001141   Thumb Code   778  stm32f1xx_hal_rcc.o(i.HAL_RCC_OscConfig)
    HAL_SYSTICK_Config                       0x08001461   Thumb Code    40  stm32f1xx_hal_cortex.o(i.HAL_SYSTICK_Config)
    HAL_TIMEx_BreakCallback                  0x08001489   Thumb Code     2  stm32f1xx_hal_tim_ex.o(i.HAL_TIMEx_BreakCallback)
    HAL_TIMEx_CommutCallback                 0x0800148b   Thumb Code     2  stm32f1xx_hal_tim_ex.o(i.HAL_TIMEx_CommutCallback)
    HAL_TIMEx_MasterConfigSynchronization    0x0800148d   Thumb Code    92  stm32f1xx_hal_tim_ex.o(i.HAL_TIMEx_MasterConfigSynchronization)
    HAL_TIM_Base_Init                        0x080014f5   Thumb Code    90  stm32f1xx_hal_tim.o(i.HAL_TIM_Base_Init)
    HAL_TIM_Base_MspInit                     0x08001551   Thumb Code    50  tim.o(i.HAL_TIM_Base_MspInit)
    HAL_TIM_Base_Start_IT                    0x0800158d   Thumb Code    76  stm32f1xx_hal_tim.o(i.HAL_TIM_Base_Start_IT)
    HAL_TIM_ConfigClockSource                0x080015e5   Thumb Code   220  stm32f1xx_hal_tim.o(i.HAL_TIM_ConfigClockSource)
    HAL_TIM_Encoder_Init                     0x080016c1   Thumb Code   164  stm32f1xx_hal_tim.o(i.HAL_TIM_Encoder_Init)
    HAL_TIM_Encoder_MspInit                  0x08001765   Thumb Code   152  tim.o(i.HAL_TIM_Encoder_MspInit)
    HAL_TIM_Encoder_Start                    0x0800180d   Thumb Code   142  stm32f1xx_hal_tim.o(i.HAL_TIM_Encoder_Start)
    HAL_TIM_IC_CaptureCallback               0x0800189b   Thumb Code     2  stm32f1xx_hal_tim.o(i.HAL_TIM_IC_CaptureCallback)
    HAL_TIM_IRQHandler                       0x0800189d   Thumb Code   358  stm32f1xx_hal_tim.o(i.HAL_TIM_IRQHandler)
    HAL_TIM_MspPostInit                      0x08001a05   Thumb Code    62  tim.o(i.HAL_TIM_MspPostInit)
    HAL_TIM_OC_DelayElapsedCallback          0x08001a4d   Thumb Code     2  stm32f1xx_hal_tim.o(i.HAL_TIM_OC_DelayElapsedCallback)
    HAL_TIM_PWM_ConfigChannel                0x08001a4f   Thumb Code   204  stm32f1xx_hal_tim.o(i.HAL_TIM_PWM_ConfigChannel)
    HAL_TIM_PWM_Init                         0x08001b1b   Thumb Code    90  stm32f1xx_hal_tim.o(i.HAL_TIM_PWM_Init)
    HAL_TIM_PWM_MspInit                      0x08001b75   Thumb Code    30  tim.o(i.HAL_TIM_PWM_MspInit)
    HAL_TIM_PWM_PulseFinishedCallback        0x08001b99   Thumb Code     2  stm32f1xx_hal_tim.o(i.HAL_TIM_PWM_PulseFinishedCallback)
    HAL_TIM_PWM_Start                        0x08001b9d   Thumb Code   144  stm32f1xx_hal_tim.o(i.HAL_TIM_PWM_Start)
    HAL_TIM_PeriodElapsedCallback            0x08001c39   Thumb Code   132  main.o(i.HAL_TIM_PeriodElapsedCallback)
    HAL_TIM_TriggerCallback                  0x08001cd5   Thumb Code     2  stm32f1xx_hal_tim.o(i.HAL_TIM_TriggerCallback)
    HAL_UARTEx_RxEventCallback               0x08001cd7   Thumb Code     2  stm32f1xx_hal_uart.o(i.HAL_UARTEx_RxEventCallback)
    HAL_UART_ErrorCallback                   0x08001cd9   Thumb Code     2  stm32f1xx_hal_uart.o(i.HAL_UART_ErrorCallback)
    HAL_UART_IRQHandler                      0x08001cdd   Thumb Code   616  stm32f1xx_hal_uart.o(i.HAL_UART_IRQHandler)
    HAL_UART_Init                            0x08001f49   Thumb Code   100  stm32f1xx_hal_uart.o(i.HAL_UART_Init)
    HAL_UART_MspInit                         0x08001fad   Thumb Code   114  usart.o(i.HAL_UART_MspInit)
    HAL_UART_Receive_IT                      0x0800202d   Thumb Code    28  stm32f1xx_hal_uart.o(i.HAL_UART_Receive_IT)
    HAL_UART_RxCpltCallback                  0x08002049   Thumb Code   314  main.o(i.HAL_UART_RxCpltCallback)
    HAL_UART_Transmit                        0x080021bd   Thumb Code   154  stm32f1xx_hal_uart.o(i.HAL_UART_Transmit)
    HAL_UART_TxCpltCallback                  0x08002257   Thumb Code     2  stm32f1xx_hal_uart.o(i.HAL_UART_TxCpltCallback)
    HardFault_Handler                        0x08002259   Thumb Code     2  stm32f1xx_it.o(i.HardFault_Handler)
    IIC_Ack                                  0x0800225d   Thumb Code    60  iic.o(i.IIC_Ack)
    IIC_GPIO_Init                            0x080022a9   Thumb Code    50  iic.o(i.IIC_GPIO_Init)
    IIC_NAck                                 0x080022e5   Thumb Code    50  iic.o(i.IIC_NAck)
    IIC_Read_Byte                            0x0800231d   Thumb Code    84  iic.o(i.IIC_Read_Byte)
    IIC_Send_Byte                            0x08002375   Thumb Code    86  iic.o(i.IIC_Send_Byte)
    IIC_Start                                0x080023d1   Thumb Code    60  iic.o(i.IIC_Start)
    IIC_Stop                                 0x08002411   Thumb Code    42  iic.o(i.IIC_Stop)
    IIC_Wait_Ack                             0x08002441   Thumb Code    66  iic.o(i.IIC_Wait_Ack)
    MOTOR_ControlA                           0x08002489   Thumb Code    28  motor.o(i.MOTOR_ControlA)
    MOTOR_ControlB                           0x080024a9   Thumb Code    28  motor.o(i.MOTOR_ControlB)
    MOTOR_Init                               0x080024c9   Thumb Code    96  motor.o(i.MOTOR_Init)
    MOTOR_NegA                               0x0800253d   Thumb Code    30  motor.o(i.MOTOR_NegA)
    MOTOR_NegB                               0x08002561   Thumb Code    30  motor.o(i.MOTOR_NegB)
    MOTOR_PosA                               0x08002585   Thumb Code    28  motor.o(i.MOTOR_PosA)
    MOTOR_PosB                               0x080025a5   Thumb Code    28  motor.o(i.MOTOR_PosB)
    MOTOR_Start                              0x080025c5   Thumb Code    66  motor.o(i.MOTOR_Start)
    MPU_Get_Accelerometer                    0x08002611   Thumb Code    50  mpu6050.o(i.MPU_Get_Accelerometer)
    MPU_Get_Gyroscope                        0x08002643   Thumb Code    50  mpu6050.o(i.MPU_Get_Gyroscope)
    MPU_Init                                 0x08002675   Thumb Code   118  mpu6050.o(i.MPU_Init)
    MPU_Read_Byte                            0x080026eb   Thumb Code    58  mpu6050.o(i.MPU_Read_Byte)
    MPU_Read_Len                             0x08002725   Thumb Code   108  mpu6050.o(i.MPU_Read_Len)
    MPU_Set_Accel_Fsr                        0x08002791   Thumb Code    10  mpu6050.o(i.MPU_Set_Accel_Fsr)
    MPU_Set_Gyro_Fsr                         0x0800279b   Thumb Code    10  mpu6050.o(i.MPU_Set_Gyro_Fsr)
    MPU_Set_LPF                              0x080027a5   Thumb Code    48  mpu6050.o(i.MPU_Set_LPF)
    MPU_Set_Rate                             0x080027d5   Thumb Code    46  mpu6050.o(i.MPU_Set_Rate)
    MPU_Write_Byte                           0x08002803   Thumb Code    60  mpu6050.o(i.MPU_Write_Byte)
    MPU_Write_Len                            0x0800283f   Thumb Code    82  mpu6050.o(i.MPU_Write_Len)
    MX_GPIO_Init                             0x08002891   Thumb Code   250  gpio.o(i.MX_GPIO_Init)
    MX_TIM1_Init                             0x0800299d   Thumb Code   102  tim.o(i.MX_TIM1_Init)
    MX_TIM2_Init                             0x08002a0d   Thumb Code   122  tim.o(i.MX_TIM2_Init)
    MX_TIM3_Init                             0x08002a8d   Thumb Code   100  tim.o(i.MX_TIM3_Init)
    MX_TIM4_Init                             0x08002af9   Thumb Code    94  tim.o(i.MX_TIM4_Init)
    MX_USART2_UART_Init                      0x08002b61   Thumb Code    48  usart.o(i.MX_USART2_UART_Init)
    MemManage_Handler                        0x08002b99   Thumb Code     2  stm32f1xx_it.o(i.MemManage_Handler)
    NMI_Handler                              0x08002b9b   Thumb Code     2  stm32f1xx_it.o(i.NMI_Handler)
    OLED_Clear                               0x08002b9d   Thumb Code    60  oled.o(i.OLED_Clear)
    OLED_Init                                0x08002bd9   Thumb Code   414  oled.o(i.OLED_Init)
    OLED_Set_Pos                             0x08002d81   Thumb Code    44  oled.o(i.OLED_Set_Pos)
    OLED_ShowChar                            0x08002dad   Thumb Code    94  oled.o(i.OLED_ShowChar)
    OLED_ShowSighedNum                       0x08002e11   Thumb Code   122  oled.o(i.OLED_ShowSighedNum)
    OLED_WR_Byte                             0x08002e8d   Thumb Code   102  oled.o(i.OLED_WR_Byte)
    PendSV_Handler                           0x08002ef9   Thumb Code     2  stm32f1xx_it.o(i.PendSV_Handler)
    SVC_Handler                              0x08002efb   Thumb Code     2  stm32f1xx_it.o(i.SVC_Handler)
    SysTick_Handler                          0x08002efd   Thumb Code     4  stm32f1xx_it.o(i.SysTick_Handler)
    SystemClock_Config                       0x08002f01   Thumb Code    94  main.o(i.SystemClock_Config)
    SystemInit                               0x08002f5f   Thumb Code     2  system_stm32f1xx.o(i.SystemInit)
    TIM1_UP_IRQHandler                       0x08002f61   Thumb Code     6  stm32f1xx_it.o(i.TIM1_UP_IRQHandler)
    TIM3_IRQHandler                          0x08002f6d   Thumb Code     6  stm32f1xx_it.o(i.TIM3_IRQHandler)
    TIM4_IRQHandler                          0x08002f79   Thumb Code     6  stm32f1xx_it.o(i.TIM4_IRQHandler)
    TIM_Base_SetConfig                       0x08002f85   Thumb Code    94  stm32f1xx_hal_tim.o(i.TIM_Base_SetConfig)
    TIM_CCxChannelCmd                        0x08002ff1   Thumb Code    26  stm32f1xx_hal_tim.o(i.TIM_CCxChannelCmd)
    TIM_ETR_SetConfig                        0x0800300b   Thumb Code    20  stm32f1xx_hal_tim.o(i.TIM_ETR_SetConfig)
    TIM_OC2_SetConfig                        0x08003081   Thumb Code    84  stm32f1xx_hal_tim.o(i.TIM_OC2_SetConfig)
    UART_Start_Receive_IT                    0x08003395   Thumb Code    54  stm32f1xx_hal_uart.o(i.UART_Start_Receive_IT)
    USART2_IRQHandler                        0x08003445   Thumb Code     6  stm32f1xx_it.o(i.USART2_IRQHandler)
    UsageFault_Handler                       0x08003451   Thumb Code     2  stm32f1xx_it.o(i.UsageFault_Handler)
    Velocity                                 0x08003455   Thumb Code   126  main.o(i.Velocity)
    Vertical                                 0x080034e1   Thumb Code    48  main.o(i.Vertical)
    __0printf$8                              0x08003515   Thumb Code    22  printf8.o(i.__0printf$8)
    __1printf$8                              0x08003515   Thumb Code     0  printf8.o(i.__0printf$8)
    __2printf                                0x08003515   Thumb Code     0  printf8.o(i.__0printf$8)
    __ARM_fpclassify                         0x08003535   Thumb Code    40  fpclassify.o(i.__ARM_fpclassify)
    __kernel_poly                            0x0800357d   Thumb Code   170  poly.o(i.__kernel_poly)
    __mathlib_dbl_infnan                     0x08003627   Thumb Code     6  dunder.o(i.__mathlib_dbl_infnan)
    __mathlib_dbl_infnan2                    0x0800362d   Thumb Code     4  dunder.o(i.__mathlib_dbl_infnan2)
    __mathlib_dbl_invalid                    0x08003631   Thumb Code    12  dunder.o(i.__mathlib_dbl_invalid)
    __mathlib_dbl_underflow                  0x0800363d   Thumb Code    10  dunder.o(i.__mathlib_dbl_underflow)
    __scatterload_copy                       0x0800364d   Thumb Code    14  handlers.o(i.__scatterload_copy)
    __scatterload_null                       0x0800365b   Thumb Code     2  handlers.o(i.__scatterload_null)
    __scatterload_zeroinit                   0x0800365d   Thumb Code    14  handlers.o(i.__scatterload_zeroinit)
    __set_errno                              0x0800366d   Thumb Code     6  errno.o(i.__set_errno)
    asin                                     0x08003b5d   Thumb Code   572  asin.o(i.asin)
    atan                                     0x08003dcd   Thumb Code   474  atan.o(i.atan)
    atan2                                    0x08003fed   Thumb Code   346  atan2.o(i.atan2)
    dmp_enable_6x_lp_quat                    0x0800416d   Thumb Code    58  inv_mpu_dmp_motion_driver.o(i.dmp_enable_6x_lp_quat)
    dmp_enable_feature                       0x080041a9   Thumb Code   464  inv_mpu_dmp_motion_driver.o(i.dmp_enable_feature)
    dmp_enable_gyro_cal                      0x08004381   Thumb Code    34  inv_mpu_dmp_motion_driver.o(i.dmp_enable_gyro_cal)
    dmp_enable_lp_quat                       0x080043bd   Thumb Code    58  inv_mpu_dmp_motion_driver.o(i.dmp_enable_lp_quat)
    dmp_load_motion_driver_firmware          0x080043f9   Thumb Code    16  inv_mpu_dmp_motion_driver.o(i.dmp_load_motion_driver_firmware)
    dmp_read_fifo                            0x0800440d   Thumb Code   320  inv_mpu_dmp_motion_driver.o(i.dmp_read_fifo)
    dmp_set_accel_bias                       0x08004551   Thumb Code   210  inv_mpu_dmp_motion_driver.o(i.dmp_set_accel_bias)
    dmp_set_fifo_rate                        0x08004629   Thumb Code    82  inv_mpu_dmp_motion_driver.o(i.dmp_set_fifo_rate)
    dmp_set_gyro_bias                        0x0800468d   Thumb Code   196  inv_mpu_dmp_motion_driver.o(i.dmp_set_gyro_bias)
    dmp_set_orientation                      0x08004759   Thumb Code   246  inv_mpu_dmp_motion_driver.o(i.dmp_set_orientation)
    dmp_set_shake_reject_thresh              0x08004865   Thumb Code    48  inv_mpu_dmp_motion_driver.o(i.dmp_set_shake_reject_thresh)
    dmp_set_shake_reject_time                0x08004895   Thumb Code    32  inv_mpu_dmp_motion_driver.o(i.dmp_set_shake_reject_time)
    dmp_set_shake_reject_timeout             0x080048b5   Thumb Code    32  inv_mpu_dmp_motion_driver.o(i.dmp_set_shake_reject_timeout)
    dmp_set_tap_axes                         0x080048d5   Thumb Code    64  inv_mpu_dmp_motion_driver.o(i.dmp_set_tap_axes)
    dmp_set_tap_count                        0x08004915   Thumb Code    34  inv_mpu_dmp_motion_driver.o(i.dmp_set_tap_count)
    dmp_set_tap_thresh                       0x08004939   Thumb Code   274  inv_mpu_dmp_motion_driver.o(i.dmp_set_tap_thresh)
    dmp_set_tap_time                         0x08004a61   Thumb Code    32  inv_mpu_dmp_motion_driver.o(i.dmp_set_tap_time)
    dmp_set_tap_time_multi                   0x08004a81   Thumb Code    32  inv_mpu_dmp_motion_driver.o(i.dmp_set_tap_time_multi)
    fputc                                    0x08004aa1   Thumb Code    20  usart.o(i.fputc)
    inv_orientation_matrix_to_scalar         0x08004f4d   Thumb Code    34  inv_mpu.o(i.inv_orientation_matrix_to_scalar)
    inv_row_2_scale                          0x08004f6f   Thumb Code    72  inv_mpu.o(i.inv_row_2_scale)
    main                                     0x08004fb9   Thumb Code   468  main.o(i.main)
    mget_ms                                  0x080051c1   Thumb Code     2  inv_mpu.o(i.mget_ms)
    mpu_configure_fifo                       0x080051c5   Thumb Code    78  inv_mpu.o(i.mpu_configure_fifo)
    mpu_dmp_get_data                         0x08005219   Thumb Code   408  inv_mpu.o(i.mpu_dmp_get_data)
    mpu_dmp_init                             0x080053b5   Thumb Code   158  inv_mpu.o(i.mpu_dmp_init)
    mpu_get_accel_fsr                        0x08005459   Thumb Code    54  inv_mpu.o(i.mpu_get_accel_fsr)
    mpu_get_accel_sens                       0x08005495   Thumb Code    62  inv_mpu.o(i.mpu_get_accel_sens)
    mpu_get_gyro_fsr                         0x080054d9   Thumb Code    48  inv_mpu.o(i.mpu_get_gyro_fsr)
    mpu_get_gyro_sens                        0x0800550d   Thumb Code    44  inv_mpu.o(i.mpu_get_gyro_sens)
    mpu_get_lpf                              0x0800554d   Thumb Code    52  inv_mpu.o(i.mpu_get_lpf)
    mpu_get_sample_rate                      0x08005585   Thumb Code    22  inv_mpu.o(i.mpu_get_sample_rate)
    mpu_init                                 0x080055a1   Thumb Code   310  inv_mpu.o(i.mpu_init)
    mpu_load_firmware                        0x08005729   Thumb Code   154  inv_mpu.o(i.mpu_load_firmware)
    mpu_lp_accel_mode                        0x080057c9   Thumb Code   178  inv_mpu.o(i.mpu_lp_accel_mode)
    mpu_read_fifo_stream                     0x08005881   Thumb Code   140  inv_mpu.o(i.mpu_read_fifo_stream)
    mpu_read_mem                             0x08005911   Thumb Code    80  inv_mpu.o(i.mpu_read_mem)
    mpu_reset_fifo                           0x08005965   Thumb Code   346  inv_mpu.o(i.mpu_reset_fifo)
    mpu_run_self_test                        0x08005ac5   Thumb Code   234  inv_mpu.o(i.mpu_run_self_test)
    mpu_set_accel_fsr                        0x08005bb5   Thumb Code    98  inv_mpu.o(i.mpu_set_accel_fsr)
    mpu_set_bypass                           0x08005c1d   Thumb Code   214  inv_mpu.o(i.mpu_set_bypass)
    mpu_set_dmp_state                        0x08005cf9   Thumb Code   114  inv_mpu.o(i.mpu_set_dmp_state)
    mpu_set_gyro_fsr                         0x08005d71   Thumb Code   104  inv_mpu.o(i.mpu_set_gyro_fsr)
    mpu_set_int_latched                      0x08005ddd   Thumb Code    94  inv_mpu.o(i.mpu_set_int_latched)
    mpu_set_lpf                              0x08005e41   Thumb Code   102  inv_mpu.o(i.mpu_set_lpf)
    mpu_set_sample_rate                      0x08005ead   Thumb Code   124  inv_mpu.o(i.mpu_set_sample_rate)
    mpu_set_sensors                          0x08005f2d   Thumb Code   178  inv_mpu.o(i.mpu_set_sensors)
    mpu_write_mem                            0x08005fe5   Thumb Code    80  inv_mpu.o(i.mpu_write_mem)
    oled_pow                                 0x08006039   Thumb Code    16  oled.o(i.oled_pow)
    run_self_test                            0x08006049   Thumb Code   128  inv_mpu.o(i.run_self_test)
    sqrt                                     0x08006121   Thumb Code    76  sqrt.o(i.sqrt)
    AHBPrescTable                            0x0800617e   Data          16  system_stm32f1xx.o(.constdata)
    APBPrescTable                            0x0800618e   Data           8  system_stm32f1xx.o(.constdata)
    F8X16                                    0x08006196   Data        1520  oled.o(.constdata)
    Hzk                                      0x08006786   Data         576  oled.o(.constdata)
    reg                                      0x080069c6   Data          27  inv_mpu.o(.constdata)
    hw                                       0x080069e2   Data          12  inv_mpu.o(.constdata)
    test                                     0x080069f0   Data          40  inv_mpu.o(.constdata)
    __mathlib_zero                           0x080076f8   Data           8  qnan.o(.constdata)
    Region$$Table$$Base                      0x08007750   Number         0  anon$$obj.o(Region$$Table)
    Region$$Table$$Limit                     0x08007770   Number         0  anon$$obj.o(Region$$Table)
    Uart1_Rx_Cnt                             0x20000000   Data           1  main.o(.data)
    usart_flag                               0x20000001   Data           1  main.o(.data)
    aRxBuffer                                0x20000002   Data           1  main.o(.data)
    aacx                                     0x20000004   Data           2  main.o(.data)
    aacy                                     0x20000006   Data           2  main.o(.data)
    aacz                                     0x20000008   Data           2  main.o(.data)
    gyrox                                    0x2000000a   Data           2  main.o(.data)
    gyroy                                    0x2000000c   Data           2  main.o(.data)
    gyroz                                    0x2000000e   Data           2  main.o(.data)
    ENC_CNTA                                 0x20000010   Data           2  main.o(.data)
    ENC_CNTB                                 0x20000012   Data           2  main.o(.data)
    ENC_CNTA_Last                            0x20000014   Data           2  main.o(.data)
    ENC_CNTB_Last                            0x20000016   Data           2  main.o(.data)
    errorA                                   0x20000018   Data           2  main.o(.data)
    errorB                                   0x2000001a   Data           2  main.o(.data)
    pitch                                    0x20000030   Data           4  main.o(.data)
    roll                                     0x20000034   Data           4  main.o(.data)
    yaw                                      0x20000038   Data           4  main.o(.data)
    Vertical_Kp                              0x2000003c   Data           4  main.o(.data)
    Vertical_Kd                              0x20000040   Data           4  main.o(.data)
    Velocity_Kp                              0x20000048   Data           8  main.o(.data)
    Velocity_Ki                              0x20000050   Data           8  main.o(.data)
    uwTickFreq                               0x20000058   Data           1  stm32f1xx_hal.o(.data)
    uwTickPrio                               0x2000005c   Data           4  stm32f1xx_hal.o(.data)
    uwTick                                   0x20000060   Data           4  stm32f1xx_hal.o(.data)
    SystemCoreClock                          0x20000064   Data           4  system_stm32f1xx.o(.data)
    __stdout                                 0x200000a0   Data           4  stdout.o(.data)
    RxBuffer                                 0x200000a8   Data         256  main.o(.bss)
    htim1                                    0x200001a8   Data          72  tim.o(.bss)
    htim2                                    0x200001f0   Data          72  tim.o(.bss)
    htim3                                    0x20000238   Data          72  tim.o(.bss)
    htim4                                    0x20000280   Data          72  tim.o(.bss)
    huart2                                   0x200002c8   Data          72  usart.o(.bss)
    motorA                                   0x20000320   Data          16  motor.o(.bss)
    motorB                                   0x20000330   Data          16  motor.o(.bss)
    __initial_sp                             0x20000740   Data           0  startup_stm32f103xb.o(STACK)



==============================================================================

Memory Map of the image

  Image Entry point : 0x080000ed

  Load Region LR_IROM1 (Base: 0x08000000, Size: 0x00007818, Max: 0x00010000, ABSOLUTE)

    Execution Region ER_IROM1 (Base: 0x08000000, Size: 0x00007770, Max: 0x00010000, ABSOLUTE)

    Base Addr    Size         Type   Attr      Idx    E Section Name        Object

    0x08000000   0x000000ec   Data   RO            3    RESET               startup_stm32f103xb.o
    0x080000ec   0x00000000   Code   RO         3813  * .ARM.Collect$$$$00000000  mc_w.l(entry.o)
    0x080000ec   0x00000004   Code   RO         4160    .ARM.Collect$$$$00000001  mc_w.l(entry2.o)
    0x080000f0   0x00000004   Code   RO         4163    .ARM.Collect$$$$00000004  mc_w.l(entry5.o)
    0x080000f4   0x00000000   Code   RO         4165    .ARM.Collect$$$$00000008  mc_w.l(entry7b.o)
    0x080000f4   0x00000000   Code   RO         4167    .ARM.Collect$$$$0000000A  mc_w.l(entry8b.o)
    0x080000f4   0x00000008   Code   RO         4168    .ARM.Collect$$$$0000000B  mc_w.l(entry9a.o)
    0x080000fc   0x00000000   Code   RO         4170    .ARM.Collect$$$$0000000D  mc_w.l(entry10a.o)
    0x080000fc   0x00000000   Code   RO         4172    .ARM.Collect$$$$0000000F  mc_w.l(entry11a.o)
    0x080000fc   0x00000004   Code   RO         4161    .ARM.Collect$$$$00002712  mc_w.l(entry2.o)
    0x08000100   0x00000024   Code   RO            4    .text               startup_stm32f103xb.o
    0x08000124   0x00000062   Code   RO         3816    .text               mc_w.l(ldiv.o)
    0x08000186   0x00000020   Code   RO         3818    .text               mc_w.l(llushr.o)
    0x080001a6   0x00000024   Code   RO         3820    .text               mc_w.l(memseta.o)
    0x080001ca   0x0000001c   Code   RO         3822    .text               mc_w.l(strcmp.o)
    0x080001e6   0x0000001a   Code   RO         3824    .text               mc_w.l(memcmp.o)
    0x08000200   0x000000b0   Code   RO         4087    .text               mf_w.l(fadd.o)
    0x080002b0   0x00000064   Code   RO         4089    .text               mf_w.l(fmul.o)
    0x08000314   0x0000007c   Code   RO         4091    .text               mf_w.l(fdiv.o)
    0x08000390   0x00000018   Code   RO         4093    .text               mf_w.l(fscalb.o)
    0x080003a8   0x0000014e   Code   RO         4095    .text               mf_w.l(dadd.o)
    0x080004f6   0x000000e4   Code   RO         4097    .text               mf_w.l(dmul.o)
    0x080005da   0x000000de   Code   RO         4099    .text               mf_w.l(ddiv.o)
    0x080006b8   0x00000012   Code   RO         4101    .text               mf_w.l(fflti.o)
    0x080006ca   0x0000000a   Code   RO         4103    .text               mf_w.l(ffltui.o)
    0x080006d4   0x00000022   Code   RO         4105    .text               mf_w.l(dflti.o)
    0x080006f6   0x0000001a   Code   RO         4107    .text               mf_w.l(dfltui.o)
    0x08000710   0x00000032   Code   RO         4109    .text               mf_w.l(ffixi.o)
    0x08000742   0x00000028   Code   RO         4111    .text               mf_w.l(ffixui.o)
    0x0800076a   0x0000003e   Code   RO         4113    .text               mf_w.l(dfixi.o)
    0x080007a8   0x00000032   Code   RO         4115    .text               mf_w.l(dfixui.o)
    0x080007da   0x00000026   Code   RO         4117    .text               mf_w.l(f2d.o)
    0x08000800   0x00000030   Code   RO         4119    .text               mf_w.l(cdrcmple.o)
    0x08000830   0x00000038   Code   RO         4121    .text               mf_w.l(d2f.o)
    0x08000868   0x00000062   Code   RO         4177    .text               mc_w.l(uldiv.o)
    0x080008ca   0x0000001e   Code   RO         4179    .text               mc_w.l(llshl.o)
    0x080008e8   0x00000024   Code   RO         4181    .text               mc_w.l(llsshr.o)
    0x0800090c   0x00000000   Code   RO         4190    .text               mc_w.l(iusefp.o)
    0x0800090c   0x0000006e   Code   RO         4191    .text               mf_w.l(fepilogue.o)
    0x0800097a   0x000000ba   Code   RO         4193    .text               mf_w.l(depilogue.o)
    0x08000a34   0x0000002e   Code   RO         4195    .text               mf_w.l(dscalb.o)
    0x08000a62   0x00000002   PAD
    0x08000a64   0x00000024   Code   RO         4199    .text               mc_w.l(init.o)
    0x08000a88   0x000000a2   Code   RO         4201    .text               mf_w.l(dsqrt.o)
    0x08000b2a   0x00000002   Code   RO          375    i.BusFault_Handler  stm32f1xx_it.o
    0x08000b2c   0x00000002   Code   RO          376    i.DebugMon_Handler  stm32f1xx_it.o
    0x08000b2e   0x00000008   Code   RO          377    i.EXTI9_5_IRQHandler  stm32f1xx_it.o
    0x08000b36   0x00000004   Code   RO           13    i.Error_Handler     main.o
    0x08000b3a   0x00000046   Code   RO         1895    i.HAL_DMA_Abort     stm32f1xx_hal_dma.o
    0x08000b80   0x00000098   Code   RO         1896    i.HAL_DMA_Abort_IT  stm32f1xx_hal_dma.o
    0x08000c18   0x00000024   Code   RO         1521    i.HAL_Delay         stm32f1xx_hal.o
    0x08000c3c   0x00000002   Code   RO           14    i.HAL_GPIO_EXTI_Callback  main.o
    0x08000c3e   0x00000002   PAD
    0x08000c40   0x00000018   Code   RO         1830    i.HAL_GPIO_EXTI_IRQHandler  stm32f1xx_hal_gpio.o
    0x08000c58   0x000001e0   Code   RO         1831    i.HAL_GPIO_Init     stm32f1xx_hal_gpio.o
    0x08000e38   0x0000000a   Code   RO         1833    i.HAL_GPIO_ReadPin  stm32f1xx_hal_gpio.o
    0x08000e42   0x0000000a   Code   RO         1835    i.HAL_GPIO_WritePin  stm32f1xx_hal_gpio.o
    0x08000e4c   0x0000000c   Code   RO         1525    i.HAL_GetTick       stm32f1xx_hal.o
    0x08000e58   0x00000010   Code   RO         1531    i.HAL_IncTick       stm32f1xx_hal.o
    0x08000e68   0x00000024   Code   RO         1532    i.HAL_Init          stm32f1xx_hal.o
    0x08000e8c   0x00000040   Code   RO         1533    i.HAL_InitTick      stm32f1xx_hal.o
    0x08000ecc   0x0000003c   Code   RO          481    i.HAL_MspInit       stm32f1xx_hal_msp.o
    0x08000f08   0x0000001a   Code   RO         1991    i.HAL_NVIC_EnableIRQ  stm32f1xx_hal_cortex.o
    0x08000f22   0x00000002   PAD
    0x08000f24   0x00000040   Code   RO         1997    i.HAL_NVIC_SetPriority  stm32f1xx_hal_cortex.o
    0x08000f64   0x00000024   Code   RO         1998    i.HAL_NVIC_SetPriorityGrouping  stm32f1xx_hal_cortex.o
    0x08000f88   0x0000012c   Code   RO         1689    i.HAL_RCC_ClockConfig  stm32f1xx_hal_rcc.o
    0x080010b4   0x00000020   Code   RO         1696    i.HAL_RCC_GetPCLK1Freq  stm32f1xx_hal_rcc.o
    0x080010d4   0x00000020   Code   RO         1697    i.HAL_RCC_GetPCLK2Freq  stm32f1xx_hal_rcc.o
    0x080010f4   0x0000004c   Code   RO         1698    i.HAL_RCC_GetSysClockFreq  stm32f1xx_hal_rcc.o
    0x08001140   0x00000320   Code   RO         1701    i.HAL_RCC_OscConfig  stm32f1xx_hal_rcc.o
    0x08001460   0x00000028   Code   RO         2002    i.HAL_SYSTICK_Config  stm32f1xx_hal_cortex.o
    0x08001488   0x00000002   Code   RO         1247    i.HAL_TIMEx_BreakCallback  stm32f1xx_hal_tim_ex.o
    0x0800148a   0x00000002   Code   RO         1248    i.HAL_TIMEx_CommutCallback  stm32f1xx_hal_tim_ex.o
    0x0800148c   0x00000068   Code   RO         1266    i.HAL_TIMEx_MasterConfigSynchronization  stm32f1xx_hal_tim_ex.o
    0x080014f4   0x0000005a   Code   RO          543    i.HAL_TIM_Base_Init  stm32f1xx_hal_tim.o
    0x0800154e   0x00000002   PAD
    0x08001550   0x0000003c   Code   RO          238    i.HAL_TIM_Base_MspInit  tim.o
    0x0800158c   0x00000058   Code   RO          548    i.HAL_TIM_Base_Start_IT  stm32f1xx_hal_tim.o
    0x080015e4   0x000000dc   Code   RO          552    i.HAL_TIM_ConfigClockSource  stm32f1xx_hal_tim.o
    0x080016c0   0x000000a4   Code   RO          564    i.HAL_TIM_Encoder_Init  stm32f1xx_hal_tim.o
    0x08001764   0x000000a8   Code   RO          240    i.HAL_TIM_Encoder_MspInit  tim.o
    0x0800180c   0x0000008e   Code   RO          567    i.HAL_TIM_Encoder_Start  stm32f1xx_hal_tim.o
    0x0800189a   0x00000002   Code   RO          577    i.HAL_TIM_IC_CaptureCallback  stm32f1xx_hal_tim.o
    0x0800189c   0x00000166   Code   RO          591    i.HAL_TIM_IRQHandler  stm32f1xx_hal_tim.o
    0x08001a02   0x00000002   PAD
    0x08001a04   0x00000048   Code   RO          241    i.HAL_TIM_MspPostInit  tim.o
    0x08001a4c   0x00000002   Code   RO          594    i.HAL_TIM_OC_DelayElapsedCallback  stm32f1xx_hal_tim.o
    0x08001a4e   0x000000cc   Code   RO          615    i.HAL_TIM_PWM_ConfigChannel  stm32f1xx_hal_tim.o
    0x08001b1a   0x0000005a   Code   RO          618    i.HAL_TIM_PWM_Init  stm32f1xx_hal_tim.o
    0x08001b74   0x00000024   Code   RO          243    i.HAL_TIM_PWM_MspInit  tim.o
    0x08001b98   0x00000002   Code   RO          621    i.HAL_TIM_PWM_PulseFinishedCallback  stm32f1xx_hal_tim.o
    0x08001b9a   0x00000002   PAD
    0x08001b9c   0x0000009c   Code   RO          623    i.HAL_TIM_PWM_Start  stm32f1xx_hal_tim.o
    0x08001c38   0x0000009c   Code   RO           15    i.HAL_TIM_PeriodElapsedCallback  main.o
    0x08001cd4   0x00000002   Code   RO          634    i.HAL_TIM_TriggerCallback  stm32f1xx_hal_tim.o
    0x08001cd6   0x00000002   Code   RO         2503    i.HAL_UARTEx_RxEventCallback  stm32f1xx_hal_uart.o
    0x08001cd8   0x00000002   Code   RO         2517    i.HAL_UART_ErrorCallback  stm32f1xx_hal_uart.o
    0x08001cda   0x00000002   PAD
    0x08001cdc   0x0000026c   Code   RO         2520    i.HAL_UART_IRQHandler  stm32f1xx_hal_uart.o
    0x08001f48   0x00000064   Code   RO         2521    i.HAL_UART_Init     stm32f1xx_hal_uart.o
    0x08001fac   0x00000080   Code   RO          328    i.HAL_UART_MspInit  usart.o
    0x0800202c   0x0000001c   Code   RO         2526    i.HAL_UART_Receive_IT  stm32f1xx_hal_uart.o
    0x08002048   0x00000174   Code   RO           16    i.HAL_UART_RxCpltCallback  main.o
    0x080021bc   0x0000009a   Code   RO         2529    i.HAL_UART_Transmit  stm32f1xx_hal_uart.o
    0x08002256   0x00000002   Code   RO         2532    i.HAL_UART_TxCpltCallback  stm32f1xx_hal_uart.o
    0x08002258   0x00000002   Code   RO          378    i.HardFault_Handler  stm32f1xx_it.o
    0x0800225a   0x00000002   PAD
    0x0800225c   0x00000040   Code   RO         3012    i.IIC_Ack           iic.o
    0x0800229c   0x0000000c   Code   RO         3014    i.IIC_Delay         iic.o
    0x080022a8   0x0000003c   Code   RO         3015    i.IIC_GPIO_Init     iic.o
    0x080022e4   0x00000038   Code   RO         3016    i.IIC_NAck          iic.o
    0x0800231c   0x00000058   Code   RO         3017    i.IIC_Read_Byte     iic.o
    0x08002374   0x0000005c   Code   RO         3018    i.IIC_Send_Byte     iic.o
    0x080023d0   0x00000040   Code   RO         3019    i.IIC_Start         iic.o
    0x08002410   0x00000030   Code   RO         3020    i.IIC_Stop          iic.o
    0x08002440   0x00000048   Code   RO         3021    i.IIC_Wait_Ack      iic.o
    0x08002488   0x00000020   Code   RO         3717    i.MOTOR_ControlA    motor.o
    0x080024a8   0x00000020   Code   RO         3718    i.MOTOR_ControlB    motor.o
    0x080024c8   0x00000074   Code   RO         3719    i.MOTOR_Init        motor.o
    0x0800253c   0x00000024   Code   RO         3720    i.MOTOR_NegA        motor.o
    0x08002560   0x00000024   Code   RO         3721    i.MOTOR_NegB        motor.o
    0x08002584   0x00000020   Code   RO         3722    i.MOTOR_PosA        motor.o
    0x080025a4   0x00000020   Code   RO         3723    i.MOTOR_PosB        motor.o
    0x080025c4   0x0000004c   Code   RO         3726    i.MOTOR_Start       motor.o
    0x08002610   0x00000032   Code   RO         3628    i.MPU_Get_Accelerometer  mpu6050.o
    0x08002642   0x00000032   Code   RO         3629    i.MPU_Get_Gyroscope  mpu6050.o
    0x08002674   0x00000076   Code   RO         3631    i.MPU_Init          mpu6050.o
    0x080026ea   0x0000003a   Code   RO         3632    i.MPU_Read_Byte     mpu6050.o
    0x08002724   0x0000006c   Code   RO         3633    i.MPU_Read_Len      mpu6050.o
    0x08002790   0x0000000a   Code   RO         3634    i.MPU_Set_Accel_Fsr  mpu6050.o
    0x0800279a   0x0000000a   Code   RO         3635    i.MPU_Set_Gyro_Fsr  mpu6050.o
    0x080027a4   0x00000030   Code   RO         3636    i.MPU_Set_LPF       mpu6050.o
    0x080027d4   0x0000002e   Code   RO         3637    i.MPU_Set_Rate      mpu6050.o
    0x08002802   0x0000003c   Code   RO         3638    i.MPU_Write_Byte    mpu6050.o
    0x0800283e   0x00000052   Code   RO         3639    i.MPU_Write_Len     mpu6050.o
    0x08002890   0x0000010c   Code   RO          213    i.MX_GPIO_Init      gpio.o
    0x0800299c   0x00000070   Code   RO          244    i.MX_TIM1_Init      tim.o
    0x08002a0c   0x00000080   Code   RO          245    i.MX_TIM2_Init      tim.o
    0x08002a8c   0x0000006c   Code   RO          246    i.MX_TIM3_Init      tim.o
    0x08002af8   0x00000068   Code   RO          247    i.MX_TIM4_Init      tim.o
    0x08002b60   0x00000038   Code   RO          329    i.MX_USART2_UART_Init  usart.o
    0x08002b98   0x00000002   Code   RO          379    i.MemManage_Handler  stm32f1xx_it.o
    0x08002b9a   0x00000002   Code   RO          380    i.NMI_Handler       stm32f1xx_it.o
    0x08002b9c   0x0000003c   Code   RO         2892    i.OLED_Clear        oled.o
    0x08002bd8   0x000001a8   Code   RO         2896    i.OLED_Init         oled.o
    0x08002d80   0x0000002c   Code   RO         2897    i.OLED_Set_Pos      oled.o
    0x08002dac   0x00000064   Code   RO         2899    i.OLED_ShowChar     oled.o
    0x08002e10   0x0000007a   Code   RO         2901    i.OLED_ShowSighedNum  oled.o
    0x08002e8a   0x00000002   PAD
    0x08002e8c   0x0000006c   Code   RO         2903    i.OLED_WR_Byte      oled.o
    0x08002ef8   0x00000002   Code   RO          381    i.PendSV_Handler    stm32f1xx_it.o
    0x08002efa   0x00000002   Code   RO          382    i.SVC_Handler       stm32f1xx_it.o
    0x08002efc   0x00000004   Code   RO          383    i.SysTick_Handler   stm32f1xx_it.o
    0x08002f00   0x0000005e   Code   RO           17    i.SystemClock_Config  main.o
    0x08002f5e   0x00000002   Code   RO         2855    i.SystemInit        system_stm32f1xx.o
    0x08002f60   0x0000000c   Code   RO          384    i.TIM1_UP_IRQHandler  stm32f1xx_it.o
    0x08002f6c   0x0000000c   Code   RO          385    i.TIM3_IRQHandler   stm32f1xx_it.o
    0x08002f78   0x0000000c   Code   RO          386    i.TIM4_IRQHandler   stm32f1xx_it.o
    0x08002f84   0x0000006c   Code   RO          636    i.TIM_Base_SetConfig  stm32f1xx_hal_tim.o
    0x08002ff0   0x0000001a   Code   RO          637    i.TIM_CCxChannelCmd  stm32f1xx_hal_tim.o
    0x0800300a   0x00000014   Code   RO          647    i.TIM_ETR_SetConfig  stm32f1xx_hal_tim.o
    0x0800301e   0x00000010   Code   RO          648    i.TIM_ITRx_SetConfig  stm32f1xx_hal_tim.o
    0x0800302e   0x00000002   PAD
    0x08003030   0x00000050   Code   RO          649    i.TIM_OC1_SetConfig  stm32f1xx_hal_tim.o
    0x08003080   0x00000058   Code   RO          650    i.TIM_OC2_SetConfig  stm32f1xx_hal_tim.o
    0x080030d8   0x00000058   Code   RO          651    i.TIM_OC3_SetConfig  stm32f1xx_hal_tim.o
    0x08003130   0x00000044   Code   RO          652    i.TIM_OC4_SetConfig  stm32f1xx_hal_tim.o
    0x08003174   0x00000022   Code   RO          654    i.TIM_TI1_ConfigInputStage  stm32f1xx_hal_tim.o
    0x08003196   0x00000024   Code   RO          656    i.TIM_TI2_ConfigInputStage  stm32f1xx_hal_tim.o
    0x080031ba   0x00000010   Code   RO         2534    i.UART_DMAAbortOnError  stm32f1xx_hal_uart.o
    0x080031ca   0x0000004e   Code   RO         2544    i.UART_EndRxTransfer  stm32f1xx_hal_uart.o
    0x08003218   0x000000c2   Code   RO         2546    i.UART_Receive_IT   stm32f1xx_hal_uart.o
    0x080032da   0x00000002   PAD
    0x080032dc   0x000000b8   Code   RO         2547    i.UART_SetConfig    stm32f1xx_hal_uart.o
    0x08003394   0x00000036   Code   RO         2549    i.UART_Start_Receive_IT  stm32f1xx_hal_uart.o
    0x080033ca   0x00000078   Code   RO         2550    i.UART_WaitOnFlagUntilTimeout  stm32f1xx_hal_uart.o
    0x08003442   0x00000002   PAD
    0x08003444   0x0000000c   Code   RO          387    i.USART2_IRQHandler  stm32f1xx_it.o
    0x08003450   0x00000002   Code   RO          388    i.UsageFault_Handler  stm32f1xx_it.o
    0x08003452   0x00000002   PAD
    0x08003454   0x0000008c   Code   RO           18    i.Velocity          main.o
    0x080034e0   0x00000034   Code   RO           19    i.Vertical          main.o
    0x08003514   0x00000020   Code   RO         4033    i.__0printf$8       mc_w.l(printf8.o)
    0x08003534   0x00000028   Code   RO         4147    i.__ARM_fpclassify  m_ws.l(fpclassify.o)
    0x0800355c   0x00000020   Code   RO         2004    i.__NVIC_SetPriority  stm32f1xx_hal_cortex.o
    0x0800357c   0x000000aa   Code   RO         4149    i.__kernel_poly     m_ws.l(poly.o)
    0x08003626   0x00000006   Code   RO         4134    i.__mathlib_dbl_infnan  m_ws.l(dunder.o)
    0x0800362c   0x00000004   Code   RO         4135    i.__mathlib_dbl_infnan2  m_ws.l(dunder.o)
    0x08003630   0x0000000c   Code   RO         4136    i.__mathlib_dbl_invalid  m_ws.l(dunder.o)
    0x0800363c   0x00000010   Code   RO         4139    i.__mathlib_dbl_underflow  m_ws.l(dunder.o)
    0x0800364c   0x0000000e   Code   RO         4207    i.__scatterload_copy  mc_w.l(handlers.o)
    0x0800365a   0x00000002   Code   RO         4208    i.__scatterload_null  mc_w.l(handlers.o)
    0x0800365c   0x0000000e   Code   RO         4209    i.__scatterload_zeroinit  mc_w.l(handlers.o)
    0x0800366a   0x00000002   PAD
    0x0800366c   0x0000000c   Code   RO         4185    i.__set_errno       mc_w.l(errno.o)
    0x08003678   0x00000410   Code   RO         4040    i._printf_core      mc_w.l(printf8.o)
    0x08003a88   0x00000024   Code   RO         4041    i._printf_post_padding  mc_w.l(printf8.o)
    0x08003aac   0x0000002e   Code   RO         4042    i._printf_pre_padding  mc_w.l(printf8.o)
    0x08003ada   0x00000002   PAD
    0x08003adc   0x00000080   Code   RO         3092    i.accel_self_test   inv_mpu.o
    0x08003b5c   0x00000270   Code   RO         3796    i.asin              m_ws.l(asin.o)
    0x08003dcc   0x00000220   Code   RO         4124    i.atan              m_ws.l(atan.o)
    0x08003fec   0x00000180   Code   RO         3806    i.atan2             m_ws.l(atan2.o)
    0x0800416c   0x0000003a   Code   RO         3443    i.dmp_enable_6x_lp_quat  inv_mpu_dmp_motion_driver.o
    0x080041a6   0x00000002   PAD
    0x080041a8   0x000001d8   Code   RO         3444    i.dmp_enable_feature  inv_mpu_dmp_motion_driver.o
    0x08004380   0x0000003c   Code   RO         3445    i.dmp_enable_gyro_cal  inv_mpu_dmp_motion_driver.o
    0x080043bc   0x0000003a   Code   RO         3446    i.dmp_enable_lp_quat  inv_mpu_dmp_motion_driver.o
    0x080043f6   0x00000002   PAD
    0x080043f8   0x00000014   Code   RO         3451    i.dmp_load_motion_driver_firmware  inv_mpu_dmp_motion_driver.o
    0x0800440c   0x00000144   Code   RO         3452    i.dmp_read_fifo     inv_mpu_dmp_motion_driver.o
    0x08004550   0x000000d8   Code   RO         3455    i.dmp_set_accel_bias  inv_mpu_dmp_motion_driver.o
    0x08004628   0x00000064   Code   RO         3456    i.dmp_set_fifo_rate  inv_mpu_dmp_motion_driver.o
    0x0800468c   0x000000cc   Code   RO         3457    i.dmp_set_gyro_bias  inv_mpu_dmp_motion_driver.o
    0x08004758   0x0000010c   Code   RO         3459    i.dmp_set_orientation  inv_mpu_dmp_motion_driver.o
    0x08004864   0x00000030   Code   RO         3462    i.dmp_set_shake_reject_thresh  inv_mpu_dmp_motion_driver.o
    0x08004894   0x00000020   Code   RO         3463    i.dmp_set_shake_reject_time  inv_mpu_dmp_motion_driver.o
    0x080048b4   0x00000020   Code   RO         3464    i.dmp_set_shake_reject_timeout  inv_mpu_dmp_motion_driver.o
    0x080048d4   0x00000040   Code   RO         3465    i.dmp_set_tap_axes  inv_mpu_dmp_motion_driver.o
    0x08004914   0x00000022   Code   RO         3466    i.dmp_set_tap_count  inv_mpu_dmp_motion_driver.o
    0x08004936   0x00000002   PAD
    0x08004938   0x00000128   Code   RO         3467    i.dmp_set_tap_thresh  inv_mpu_dmp_motion_driver.o
    0x08004a60   0x00000020   Code   RO         3468    i.dmp_set_tap_time  inv_mpu_dmp_motion_driver.o
    0x08004a80   0x00000020   Code   RO         3469    i.dmp_set_tap_time_multi  inv_mpu_dmp_motion_driver.o
    0x08004aa0   0x00000018   Code   RO          330    i.fputc             usart.o
    0x08004ab8   0x000000ac   Code   RO         3093    i.get_accel_prod_shift  inv_mpu.o
    0x08004b64   0x00000314   Code   RO         3094    i.get_st_biases     inv_mpu.o
    0x08004e78   0x000000d4   Code   RO         3095    i.gyro_self_test    inv_mpu.o
    0x08004f4c   0x00000022   Code   RO         3096    i.inv_orientation_matrix_to_scalar  inv_mpu.o
    0x08004f6e   0x00000048   Code   RO         3097    i.inv_row_2_scale   inv_mpu.o
    0x08004fb6   0x00000002   PAD
    0x08004fb8   0x00000208   Code   RO           20    i.main              main.o
    0x080051c0   0x00000002   Code   RO         3098    i.mget_ms           inv_mpu.o
    0x080051c2   0x00000002   PAD
    0x080051c4   0x00000054   Code   RO         3099    i.mpu_configure_fifo  inv_mpu.o
    0x08005218   0x0000019c   Code   RO         3100    i.mpu_dmp_get_data  inv_mpu.o
    0x080053b4   0x000000a4   Code   RO         3101    i.mpu_dmp_init      inv_mpu.o
    0x08005458   0x0000003c   Code   RO         3102    i.mpu_get_accel_fsr  inv_mpu.o
    0x08005494   0x00000044   Code   RO         3104    i.mpu_get_accel_sens  inv_mpu.o
    0x080054d8   0x00000034   Code   RO         3110    i.mpu_get_gyro_fsr  inv_mpu.o
    0x0800550c   0x00000040   Code   RO         3112    i.mpu_get_gyro_sens  inv_mpu.o
    0x0800554c   0x00000038   Code   RO         3114    i.mpu_get_lpf       inv_mpu.o
    0x08005584   0x0000001c   Code   RO         3116    i.mpu_get_sample_rate  inv_mpu.o
    0x080055a0   0x00000188   Code   RO         3118    i.mpu_init          inv_mpu.o
    0x08005728   0x000000a0   Code   RO         3119    i.mpu_load_firmware  inv_mpu.o
    0x080057c8   0x000000b8   Code   RO         3120    i.mpu_lp_accel_mode  inv_mpu.o
    0x08005880   0x00000090   Code   RO         3123    i.mpu_read_fifo_stream  inv_mpu.o
    0x08005910   0x00000054   Code   RO         3124    i.mpu_read_mem      inv_mpu.o
    0x08005964   0x00000160   Code   RO         3127    i.mpu_reset_fifo    inv_mpu.o
    0x08005ac4   0x000000f0   Code   RO         3128    i.mpu_run_self_test  inv_mpu.o
    0x08005bb4   0x00000068   Code   RO         3130    i.mpu_set_accel_fsr  inv_mpu.o
    0x08005c1c   0x000000dc   Code   RO         3131    i.mpu_set_bypass    inv_mpu.o
    0x08005cf8   0x00000078   Code   RO         3133    i.mpu_set_dmp_state  inv_mpu.o
    0x08005d70   0x0000006c   Code   RO         3134    i.mpu_set_gyro_fsr  inv_mpu.o
    0x08005ddc   0x00000064   Code   RO         3135    i.mpu_set_int_latched  inv_mpu.o
    0x08005e40   0x0000006c   Code   RO         3137    i.mpu_set_lpf       inv_mpu.o
    0x08005eac   0x00000080   Code   RO         3138    i.mpu_set_sample_rate  inv_mpu.o
    0x08005f2c   0x000000b8   Code   RO         3139    i.mpu_set_sensors   inv_mpu.o
    0x08005fe4   0x00000054   Code   RO         3140    i.mpu_write_mem     inv_mpu.o
    0x08006038   0x00000010   Code   RO         2904    i.oled_pow          oled.o
    0x08006048   0x00000080   Code   RO         3141    i.run_self_test     inv_mpu.o
    0x080060c8   0x00000058   Code   RO         3142    i.set_int_enable    inv_mpu.o
    0x08006120   0x0000004c   Code   RO         4153    i.sqrt              m_ws.l(sqrt.o)
    0x0800616c   0x00000012   Data   RO         1702    .constdata          stm32f1xx_hal_rcc.o
    0x0800617e   0x00000010   Data   RO         2856    .constdata          system_stm32f1xx.o
    0x0800618e   0x00000008   Data   RO         2857    .constdata          system_stm32f1xx.o
    0x08006196   0x00000830   Data   RO         2908    .constdata          oled.o
    0x080069c6   0x0000001b   Data   RO         3144    .constdata          inv_mpu.o
    0x080069e1   0x00000001   PAD
    0x080069e2   0x0000000c   Data   RO         3145    .constdata          inv_mpu.o
    0x080069ee   0x00000002   PAD
    0x080069f0   0x00000028   Data   RO         3146    .constdata          inv_mpu.o
    0x08006a18   0x00000bf6   Data   RO         3471    .constdata          inv_mpu_dmp_motion_driver.o
    0x0800760e   0x00000002   PAD
    0x08007610   0x00000050   Data   RO         3797    .constdata          m_ws.l(asin.o)
    0x08007660   0x00000098   Data   RO         4125    .constdata          m_ws.l(atan.o)
    0x080076f8   0x00000008   Data   RO         4151    .constdata          m_ws.l(qnan.o)
    0x08007700   0x0000004d   Data   RO         3147    .conststring        inv_mpu.o
    0x0800774d   0x00000003   PAD
    0x08007750   0x00000020   Data   RO         4205    Region$$Table       anon$$obj.o


    Execution Region RW_IRAM1 (Base: 0x20000000, Size: 0x00000740, Max: 0x00005000, ABSOLUTE)

    Base Addr    Size         Type   Attr      Idx    E Section Name        Object

    0x20000000   0x00000058   Data   RW           22    .data               main.o
    0x20000058   0x0000000c   Data   RW         1539    .data               stm32f1xx_hal.o
    0x20000064   0x00000004   Data   RW         2858    .data               system_stm32f1xx.o
    0x20000068   0x00000035   Data   RW         3148    .data               inv_mpu.o
    0x2000009d   0x00000003   PAD
    0x200000a0   0x00000004   Data   RW         4174    .data               mc_w.l(stdout.o)
    0x200000a4   0x00000004   Data   RW         4186    .data               mc_w.l(errno.o)
    0x200000a8   0x00000100   Zero   RW           21    .bss                main.o
    0x200001a8   0x00000120   Zero   RW          248    .bss                tim.o
    0x200002c8   0x00000048   Zero   RW          331    .bss                usart.o
    0x20000310   0x00000010   Zero   RW         3470    .bss                inv_mpu_dmp_motion_driver.o
    0x20000320   0x00000020   Zero   RW         3727    .bss                motor.o
    0x20000340   0x00000400   Zero   RW            1    STACK               startup_stm32f103xb.o


==============================================================================

Image component sizes


      Code (inc. data)   RO Data    RW Data    ZI Data      Debug   Object Name

       268         18          0          0          0        995   gpio.o
       556         46          0          0          0       5163   iic.o
      5324        290        156         53          0      27282   inv_mpu.o
      2350        118       3062          0         16      18206   inv_mpu_dmp_motion_driver.o
      1340        152          0         88        256     437510   main.o
       392         58          0          0         32       4887   motor.o
       640          0          0          0          0       6321   mpu6050.o
       874         22       2096          0          0       5160   oled.o
        36          8        236          0       1024        792   startup_stm32f103xb.o
       164         28          0         12          0       5733   stm32f1xx_hal.o
       198         14          0          0          0      28507   stm32f1xx_hal_cortex.o
       222          4          0          0          0       1643   stm32f1xx_hal_dma.o
       524         40          0          0          0       3646   stm32f1xx_hal_gpio.o
        60          8          0          0          0        846   stm32f1xx_hal_msp.o
      1240         84         18          0          0       4788   stm32f1xx_hal_rcc.o
      2084         58          0          0          0      15883   stm32f1xx_hal_tim.o
       108         12          0          0          0       2301   stm32f1xx_hal_tim_ex.o
      1554         10          0          0          0       9648   stm32f1xx_hal_uart.o
        76         24          0          0          0       5868   stm32f1xx_it.o
         2          0         24          4          0       1083   system_stm32f1xx.o
       788         76          0          0        288       5231   tim.o
       208         26          0          0         72       2134   usart.o

    ----------------------------------------------------------------------
     19042       1096       5632        160       1688     593627   Object Totals
         0          0         32          0          0          0   (incl. Generated)
        34          0          8          3          0          0   (incl. Padding)

    ----------------------------------------------------------------------

      Code (inc. data)   RO Data    RW Data    ZI Data      Debug   Library Member Name

       624         52         80          0          0        168   asin.o
       544         70        152          0          0        124   atan.o
       384         38          0          0          0        144   atan2.o
        38          6          0          0          0        272   dunder.o
        40          0          0          0          0         68   fpclassify.o
       170          0          0          0          0         96   poly.o
         0          0          8          0          0          0   qnan.o
        76          0          0          0          0         84   sqrt.o
         0          0          0          0          0          0   entry.o
         0          0          0          0          0          0   entry10a.o
         0          0          0          0          0          0   entry11a.o
         8          4          0          0          0          0   entry2.o
         4          0          0          0          0          0   entry5.o
         0          0          0          0          0          0   entry7b.o
         0          0          0          0          0          0   entry8b.o
         8          4          0          0          0          0   entry9a.o
        12          6          0          4          0         68   errno.o
        30          0          0          0          0          0   handlers.o
        36          8          0          0          0         68   init.o
         0          0          0          0          0          0   iusefp.o
        98          0          0          0          0         84   ldiv.o
        30          0          0          0          0         68   llshl.o
        36          0          0          0          0         68   llsshr.o
        32          0          0          0          0         68   llushr.o
        26          0          0          0          0         80   memcmp.o
        36          0          0          0          0        108   memseta.o
      1154         54          0          0          0        352   printf8.o
         0          0          0          4          0          0   stdout.o
        28          0          0          0          0         76   strcmp.o
        98          0          0          0          0         92   uldiv.o
        48          0          0          0          0         68   cdrcmple.o
        56          0          0          0          0         88   d2f.o
       334          0          0          0          0        148   dadd.o
       222          0          0          0          0        100   ddiv.o
       186          0          0          0          0        176   depilogue.o
        62          0          0          0          0         80   dfixi.o
        50          0          0          0          0         76   dfixui.o
        34          0          0          0          0         76   dflti.o
        26          0          0          0          0         76   dfltui.o
       228          0          0          0          0         96   dmul.o
        46          0          0          0          0         80   dscalb.o
       162          0          0          0          0        100   dsqrt.o
        38          0          0          0          0         68   f2d.o
       176          0          0          0          0        140   fadd.o
       124          0          0          0          0         88   fdiv.o
       110          0          0          0          0        168   fepilogue.o
        50          0          0          0          0         68   ffixi.o
        40          0          0          0          0         68   ffixui.o
        18          0          0          0          0         68   fflti.o
        10          0          0          0          0         68   ffltui.o
       100          0          0          0          0         76   fmul.o
        24          0          0          0          0         68   fscalb.o

    ----------------------------------------------------------------------
      5662        242        240          8          0       4132   Library Totals
         6          0          0          0          0          0   (incl. Padding)

    ----------------------------------------------------------------------

      Code (inc. data)   RO Data    RW Data    ZI Data      Debug   Library Name

      1876        166        240          0          0        956   m_ws.l
      1636         76          0          8          0       1132   mc_w.l
      2144          0          0          0          0       2044   mf_w.l

    ----------------------------------------------------------------------
      5662        242        240          8          0       4132   Library Totals

    ----------------------------------------------------------------------

==============================================================================


      Code (inc. data)   RO Data    RW Data    ZI Data      Debug   

     24704       1338       5872        168       1688     586315   Grand Totals
     24704       1338       5872        168       1688     586315   ELF Image Totals
     24704       1338       5872        168          0          0   ROM Totals

==============================================================================

    Total RO  Size (Code + RO Data)                30576 (  29.86kB)
    Total RW  Size (RW Data + ZI Data)              1856 (   1.81kB)
    Total ROM Size (Code + RO Data + RW Data)      30744 (  30.02kB)

==============================================================================

